../Core/Src/main.c:89:13:usb_tx_push	24	static
../Core/Src/main.c:100:13:usb_tx_flush	80	static
../Core/Src/main.c:118:13:parse_message_and_update_state	24	static
../Core/Src/main.c:150:13:usb_tx_push_str	16	static
../Core/Src/main.c:162:5:main	8	static
../Core/Src/main.c:245:6:SystemClock_Config	88	static
../Core/Src/main.c:291:6:PeriphCommonClock_Config	32	static
../Core/Src/main.c:312:13:MX_I2C1_Init	8	static
../Core/Src/main.c:346:13:MX_I2S2_Init	8	static
../Core/Src/main.c:380:13:MX_I2S3_Init	8	static
../Core/Src/main.c:414:13:MX_SPI1_Init	8	static
../Core/Src/main.c:452:13:MX_USART2_UART_Init	8	static
../Core/Src/main.c:485:13:MX_GPIO_Init	56	static
../Core/Src/main.c:563:6:HAL_UART_RxCpltCallback	24	static
../Core/Src/main.c:606:6:Error_Handler	4	static,ignoring_inline_asm
