Archive member included to satisfy reference by file (symbol)

C:/ST/STM32CubeIDE_1.19.0/STM32CubeIDE/plugins/com.st.stm32cube.ide.mcu.externaltools.gnu-tools-for-stm32.13.3.rel1.win32_1.0.0.202411081344/tools/bin/../lib/gcc/arm-none-eabi/13.3.1/../../../../arm-none-eabi/lib/thumb/v7e-m+fp/hard\libc_nano.a(libc_a-exit.o)
                              C:/ST/STM32CubeIDE_1.19.0/STM32CubeIDE/plugins/com.st.stm32cube.ide.mcu.externaltools.gnu-tools-for-stm32.13.3.rel1.win32_1.0.0.202411081344/tools/bin/../lib/gcc/arm-none-eabi/13.3.1/../../../../arm-none-eabi/lib/thumb/v7e-m+fp/hard/crt0.o (exit)
C:/ST/STM32CubeIDE_1.19.0/STM32CubeIDE/plugins/com.st.stm32cube.ide.mcu.externaltools.gnu-tools-for-stm32.13.3.rel1.win32_1.0.0.202411081344/tools/bin/../lib/gcc/arm-none-eabi/13.3.1/../../../../arm-none-eabi/lib/thumb/v7e-m+fp/hard\libc_nano.a(libc_a-malloc.o)
                              ./Middlewares/ST/STM32_USB_Host_Library/Class/CDC/Src/usbh_cdc.o (malloc)
C:/ST/STM32CubeIDE_1.19.0/STM32CubeIDE/plugins/com.st.stm32cube.ide.mcu.externaltools.gnu-tools-for-stm32.13.3.rel1.win32_1.0.0.202411081344/tools/bin/../lib/gcc/arm-none-eabi/13.3.1/../../../../arm-none-eabi/lib/thumb/v7e-m+fp/hard\libc_nano.a(libc_a-mallocr.o)
                              C:/ST/STM32CubeIDE_1.19.0/STM32CubeIDE/plugins/com.st.stm32cube.ide.mcu.externaltools.gnu-tools-for-stm32.13.3.rel1.win32_1.0.0.202411081344/tools/bin/../lib/gcc/arm-none-eabi/13.3.1/../../../../arm-none-eabi/lib/thumb/v7e-m+fp/hard\libc_nano.a(libc_a-malloc.o) (_malloc_r)
C:/ST/STM32CubeIDE_1.19.0/STM32CubeIDE/plugins/com.st.stm32cube.ide.mcu.externaltools.gnu-tools-for-stm32.13.3.rel1.win32_1.0.0.202411081344/tools/bin/../lib/gcc/arm-none-eabi/13.3.1/../../../../arm-none-eabi/lib/thumb/v7e-m+fp/hard\libc_nano.a(libc_a-mlock.o)
                              C:/ST/STM32CubeIDE_1.19.0/STM32CubeIDE/plugins/com.st.stm32cube.ide.mcu.externaltools.gnu-tools-for-stm32.13.3.rel1.win32_1.0.0.202411081344/tools/bin/../lib/gcc/arm-none-eabi/13.3.1/../../../../arm-none-eabi/lib/thumb/v7e-m+fp/hard\libc_nano.a(libc_a-mallocr.o) (__malloc_lock)
C:/ST/STM32CubeIDE_1.19.0/STM32CubeIDE/plugins/com.st.stm32cube.ide.mcu.externaltools.gnu-tools-for-stm32.13.3.rel1.win32_1.0.0.202411081344/tools/bin/../lib/gcc/arm-none-eabi/13.3.1/../../../../arm-none-eabi/lib/thumb/v7e-m+fp/hard\libc_nano.a(libc_a-ctype_.o)
                              ./Core/Src/main.o (_ctype_)
C:/ST/STM32CubeIDE_1.19.0/STM32CubeIDE/plugins/com.st.stm32cube.ide.mcu.externaltools.gnu-tools-for-stm32.13.3.rel1.win32_1.0.0.202411081344/tools/bin/../lib/gcc/arm-none-eabi/13.3.1/../../../../arm-none-eabi/lib/thumb/v7e-m+fp/hard\libc_nano.a(libc_a-findfp.o)
                              ./Middlewares/Third_Party/FreeRTOS/Source/tasks.o (__sf)
C:/ST/STM32CubeIDE_1.19.0/STM32CubeIDE/plugins/com.st.stm32cube.ide.mcu.externaltools.gnu-tools-for-stm32.13.3.rel1.win32_1.0.0.202411081344/tools/bin/../lib/gcc/arm-none-eabi/13.3.1/../../../../arm-none-eabi/lib/thumb/v7e-m+fp/hard\libc_nano.a(libc_a-fwalk.o)
                              C:/ST/STM32CubeIDE_1.19.0/STM32CubeIDE/plugins/com.st.stm32cube.ide.mcu.externaltools.gnu-tools-for-stm32.13.3.rel1.win32_1.0.0.202411081344/tools/bin/../lib/gcc/arm-none-eabi/13.3.1/../../../../arm-none-eabi/lib/thumb/v7e-m+fp/hard\libc_nano.a(libc_a-findfp.o) (_fwalk_sglue)
C:/ST/STM32CubeIDE_1.19.0/STM32CubeIDE/plugins/com.st.stm32cube.ide.mcu.externaltools.gnu-tools-for-stm32.13.3.rel1.win32_1.0.0.202411081344/tools/bin/../lib/gcc/arm-none-eabi/13.3.1/../../../../arm-none-eabi/lib/thumb/v7e-m+fp/hard\libc_nano.a(libc_a-sprintf.o)
                              ./Middlewares/Third_Party/FreeRTOS/Source/tasks.o (sprintf)
C:/ST/STM32CubeIDE_1.19.0/STM32CubeIDE/plugins/com.st.stm32cube.ide.mcu.externaltools.gnu-tools-for-stm32.13.3.rel1.win32_1.0.0.202411081344/tools/bin/../lib/gcc/arm-none-eabi/13.3.1/../../../../arm-none-eabi/lib/thumb/v7e-m+fp/hard\libc_nano.a(libc_a-stdio.o)
                              C:/ST/STM32CubeIDE_1.19.0/STM32CubeIDE/plugins/com.st.stm32cube.ide.mcu.externaltools.gnu-tools-for-stm32.13.3.rel1.win32_1.0.0.202411081344/tools/bin/../lib/gcc/arm-none-eabi/13.3.1/../../../../arm-none-eabi/lib/thumb/v7e-m+fp/hard\libc_nano.a(libc_a-findfp.o) (__sread)
C:/ST/STM32CubeIDE_1.19.0/STM32CubeIDE/plugins/com.st.stm32cube.ide.mcu.externaltools.gnu-tools-for-stm32.13.3.rel1.win32_1.0.0.202411081344/tools/bin/../lib/gcc/arm-none-eabi/13.3.1/../../../../arm-none-eabi/lib/thumb/v7e-m+fp/hard\libc_nano.a(libc_a-memset.o)
                              C:/ST/STM32CubeIDE_1.19.0/STM32CubeIDE/plugins/com.st.stm32cube.ide.mcu.externaltools.gnu-tools-for-stm32.13.3.rel1.win32_1.0.0.202411081344/tools/bin/../lib/gcc/arm-none-eabi/13.3.1/../../../../arm-none-eabi/lib/thumb/v7e-m+fp/hard/crt0.o (memset)
[...]
Memory Configuration

Name             Origin             Length             Attributes
RAM              0x20000000         0x00020000         xrw
FLASH            0x08000000         0x00080000         xr
*default*        0x00000000         0xffffffff

Linker script and memory map

LOAD C:/ST/STM32CubeIDE_1.19.0/STM32CubeIDE/plugins/com.st.stm32cube.ide.mcu.externaltools.gnu-tools-for-stm32.13.3.rel1.win32_1.0.0.202411081344/tools/bin/../lib/gcc/arm-none-eabi/13.3.1/thumb/v7e-m+fp/hard/crti.o
LOAD C:/ST/STM32CubeIDE_1.19.0/STM32CubeIDE/plugins/com.st.stm32cube.ide.mcu.externaltools.gnu-tools-for-stm32.13.3.rel1.win32_1.0.0.202411081344/tools/bin/../lib/gcc/arm-none-eabi/13.3.1/thumb/v7e-m+fp/hard/crtbegin.o
LOAD C:/ST/STM32CubeIDE_1.19.0/STM32CubeIDE/plugins/com.st.stm32cube.ide.mcu.externaltools.gnu-tools-for-stm32.13.3.rel1.win32_1.0.0.202411081344/tools/bin/../lib/gcc/arm-none-eabi/13.3.1/../../../../arm-none-eabi/lib/thumb/v7e-m+fp/hard/crt0.o
LOAD ./Core/Src/freertos.o
LOAD ./Core/Src/main.o
LOAD ./Core/Src/stm32f4xx_hal_msp.o
LOAD ./Core/Src/stm32f4xx_hal_timebase_tim.o
LOAD ./Core/Src/stm32f4xx_it.o
LOAD ./Core/Src/syscalls.o
LOAD ./Core/Src/sysmem.o
LOAD ./Core/Src/system_stm32f4xx.o
LOAD ./Core/Startup/startup_stm32f411vetx.o
LOAD ./Drivers/STM32F4xx_HAL_Driver/Src/stm32f4xx_hal.o
LOAD ./Drivers/STM32F4xx_HAL_Driver/Src/stm32f4xx_hal_cortex.o
LOAD ./Drivers/STM32F4xx_HAL_Driver/Src/stm32f4xx_hal_dma.o
LOAD ./Drivers/STM32F4xx_HAL_Driver/Src/stm32f4xx_hal_dma_ex.o
LOAD ./Drivers/STM32F4xx_HAL_Driver/Src/stm32f4xx_hal_exti.o
LOAD ./Drivers/STM32F4xx_HAL_Driver/Src/stm32f4xx_hal_flash.o
LOAD ./Drivers/STM32F4xx_HAL_Driver/Src/stm32f4xx_hal_flash_ex.o
LOAD ./Drivers/STM32F4xx_HAL_Driver/Src/stm32f4xx_hal_flash_ramfunc.o
LOAD ./Drivers/STM32F4xx_HAL_Driver/Src/stm32f4xx_hal_gpio.o
LOAD ./Drivers/STM32F4xx_HAL_Driver/Src/stm32f4xx_hal_hcd.o
LOAD ./Drivers/STM32F4xx_HAL_Driver/Src/stm32f4xx_hal_i2c.o
LOAD ./Drivers/STM32F4xx_HAL_Driver/Src/stm32f4xx_hal_i2c_ex.o
LOAD ./Drivers/STM32F4xx_HAL_Driver/Src/stm32f4xx_hal_i2s.o
LOAD ./Drivers/STM32F4xx_HAL_Driver/Src/stm32f4xx_hal_i2s_ex.o
LOAD ./Drivers/STM32F4xx_HAL_Driver/Src/stm32f4xx_hal_pwr.o
LOAD ./Drivers/STM32F4xx_HAL_Driver/Src/stm32f4xx_hal_pwr_ex.o
LOAD ./Drivers/STM32F4xx_HAL_Driver/Src/stm32f4xx_hal_rcc.o
LOAD ./Drivers/STM32F4xx_HAL_Driver/Src/stm32f4xx_hal_rcc_ex.o
LOAD ./Drivers/STM32F4xx_HAL_Driver/Src/stm32f4xx_hal_spi.o
LOAD ./Drivers/STM32F4xx_HAL_Driver/Src/stm32f4xx_hal_tim.o
LOAD ./Drivers/STM32F4xx_HAL_Driver/Src/stm32f4xx_hal_tim_ex.o
LOAD ./Drivers/STM32F4xx_HAL_Driver/Src/stm32f4xx_hal_uart.o
LOAD ./Drivers/STM32F4xx_HAL_Driver/Src/stm32f4xx_ll_usb.o
LOAD ./Middlewares/ST/STM32_USB_Host_Library/Class/CDC/Src/usbh_cdc.o
LOAD ./Middlewares/ST/STM32_USB_Host_Library/Core/Src/usbh_core.o
LOAD ./Middlewares/ST/STM32_USB_Host_Library/Core/Src/usbh_ctlreq.o
LOAD ./Middlewares/ST/STM32_USB_Host_Library/Core/Src/usbh_ioreq.o
LOAD ./Middlewares/ST/STM32_USB_Host_Library/Core/Src/usbh_pipes.o
LOAD ./Middlewares/Third_Party/FreeRTOS/Source/CMSIS_RTOS_V2/cmsis_os2.o
LOAD ./Middlewares/Third_Party/FreeRTOS/Source/croutine.o
LOAD ./Middlewares/Third_Party/FreeRTOS/Source/event_groups.o
LOAD ./Middlewares/Third_Party/FreeRTOS/Source/list.o
LOAD ./Middlewares/Third_Party/FreeRTOS/Source/queue.o
LOAD ./Middlewares/Third_Party/FreeRTOS/Source/stream_buffer.o
LOAD ./Middlewares/Third_Party/FreeRTOS/Source/tasks.o
LOAD ./Middlewares/Third_Party/FreeRTOS/Source/timers.o
LOAD ./Middlewares/Third_Party/FreeRTOS/Source/portable/GCC/ARM_CM4F/port.o
LOAD ./Middlewares/Third_Party/FreeRTOS/Source/portable/MemMang/heap_4.o
LOAD ./USB_HOST/App/usb_host.o
LOAD ./USB_HOST/Target/usbh_conf.o
LOAD ./USB_HOST/Target/usbh_platform.o
START GROUP
LOAD C:/ST/STM32CubeIDE_1.19.0/STM32CubeIDE/plugins/com.st.stm32cube.ide.mcu.externaltools.gnu-tools-for-stm32.13.3.rel1.win32_1.0.0.202411081344/tools/bin/../lib/gcc/arm-none-eabi/13.3.1/../../../../arm-none-eabi/lib/thumb/v7e-m+fp/hard\libc_nano.a
LOAD C:/ST/STM32CubeIDE_1.19.0/STM32CubeIDE/plugins/com.st.stm32cube.ide.mcu.externaltools.gnu-tools-for-stm32.13.3.rel1.win32_1.0.0.202411081344/tools/bin/../lib/gcc/arm-none-eabi/13.3.1/../../../../arm-none-eabi/lib/thumb/v7e-m+fp/hard\libm.a
END GROUP
START GROUP
LOAD C:/ST/STM32CubeIDE_1.19.0/STM32CubeIDE/plugins/com.st.stm32cube.ide.mcu.externaltools.gnu-tools-for-stm32.13.3.rel1.win32_1.0.0.202411081344/tools/bin/../lib/gcc/arm-none-eabi/13.3.1/thumb/v7e-m+fp/hard\libgcc.a
LOAD C:/ST/STM32CubeIDE_1.19.0/STM32CubeIDE/plugins/com.st.stm32cube.ide.mcu.externaltools.gnu-tools-for-stm32.13.3.rel1.win32_1.0.0.202411081344/tools/bin/../lib/gcc/arm-none-eabi/13.3.1/../../../../arm-none-eabi/lib/thumb/v7e-m+fp/hard\libc_nano.a
END GROUP
START GROUP
LOAD C:/ST/STM32CubeIDE_1.19.0/STM32CubeIDE/plugins/com.st.stm32cube.ide.mcu.externaltools.gnu-tools-for-stm32.13.3.rel1.win32_1.0.0.202411081344/tools/bin/../lib/gcc/arm-none-eabi/13.3.1/thumb/v7e-m+fp/hard\libgcc.a
LOAD C:/ST/STM32CubeIDE_1.19.0/STM32CubeIDE/plugins/com.st.stm32cube.ide.mcu.externaltools.gnu-tools-for-stm32.13.3.rel1.win32_1.0.0.202411081344/tools/bin/../lib/gcc/arm-none-eabi/13.3.1/../../../../arm-none-eabi/lib/thumb/v7e-m+fp/hard\libc_nano.a
LOAD C:/ST/STM32CubeIDE_1.19.0/STM32CubeIDE/plugins/com.st.stm32cube.ide.mcu.externaltools.gnu-tools-for-stm32.13.3.rel1.win32_1.0.0.202411081344/tools/bin/../lib/gcc/arm-none-eabi/13.3.1/../../../../arm-none-eabi/lib/thumb/v7e-m+fp/hard\libnosys.a
END GROUP
START GROUP
LOAD C:/ST/STM32CubeIDE_1.19.0/STM32CubeIDE/plugins/com.st.stm32cube.ide.mcu.externaltools.gnu-tools-for-stm32.13.3.rel1.win32_1.0.0.202411081344/tools/bin/../lib/gcc/arm-none-eabi/13.3.1/thumb/v7e-m+fp/hard\libgcc.a
LOAD C:/ST/STM32CubeIDE_1.19.0/STM32CubeIDE/plugins/com.st.stm32cube.ide.mcu.externaltools.gnu-tools-for-stm32.13.3.rel1.win32_1.0.0.202411081344/tools/bin/../lib/gcc/arm-none-eabi/13.3.1/../../../../arm-none-eabi/lib/thumb/v7e-m+fp/hard\libc_nano.a
LOAD C:/ST/STM32CubeIDE_1.19.0/STM32CubeIDE/plugins/com.st.stm32cube.ide.mcu.externaltools.gnu-tools-for-stm32.13.3.rel1.win32_1.0.0.202411081344/tools/bin/../lib/gcc/arm-none-eabi/13.3.1/../../../../arm-none-eabi/lib/thumb/v7e-m+fp/hard\libnosys.a
END GROUP
LOAD C:/ST/STM32CubeIDE_1.19.0/STM32CubeIDE/plugins/com.st.stm32cube.ide.mcu.externaltools.gnu-tools-for-stm32.13.3.rel1.win32_1.0.0.202411081344/tools/bin/../lib/gcc/arm-none-eabi/13.3.1/thumb/v7e-m+fp/hard/crtend.o
LOAD C:/ST/STM32CubeIDE_1.19.0/STM32CubeIDE/plugins/com.st.stm32cube.ide.mcu.externaltools.gnu-tools-for-stm32.13.3.rel1.win32_1.0.0.202411081344/tools/bin/../lib/gcc/arm-none-eabi/13.3.1/thumb/v7e-m+fp/hard/crtn.o
                0x20020000                        _estack = (ORIGIN (RAM) + LENGTH (RAM))
                0x00000200                        _Min_Heap_Size = 0x200
                0x00000400                        _Min_Stack_Size = 0x400

.isr_vector     0x08000000      0x198
                0x08000000                        . = ALIGN (0x4)
 *(.isr_vector)
 .isr_vector    0x08000000      0x198 ./Core/Startup/startup_stm32f411vetx.o
                0x08000000                g_pfnVectors
                0x08000198                        . = ALIGN (0x4)

.text           0x080001a0     0xda9c
                0x080001a0                        . = ALIGN (0x4)
 *(.text)
 .text          0x080001a0       0x40 C:/ST/STM32CubeIDE_1.19.0/STM32CubeIDE/plugins/com.st.stm32cube.ide.mcu.externaltools.gnu-tools-for-stm32.13.3.rel1.win32_1.0.0.202411081344/tools/bin/../lib/gcc/arm-none-eabi/13.3.1/thumb/v7e-m+fp/hard/crtbegin.o
 .text          0x080001e0       0x30 C:/ST/STM32CubeIDE_1.19.0/STM32CubeIDE/plugins/com.st.stm32cube.ide.mcu.externaltools.gnu-tools-for-stm32.13.3.rel1.win32_1.0.0.202411081344/tools/bin/../lib/gcc/arm-none-eabi/13.3.1/thumb/v7e-m+fp/hard\libgcc.a(_aeabi_uldivmod.o)
                0x080001e0                __aeabi_uldivmod
 .text          0x08000210      0x2f8 C:/ST/STM32CubeIDE_1.19.0/STM32CubeIDE/plugins/com.st.stm32cube.ide.mcu.externaltools.gnu-tools-for-stm32.13.3.rel1.win32_1.0.0.202411081344/tools/bin/../lib/gcc/arm-none-eabi/13.3.1/thumb/v7e-m+fp/hard\libgcc.a(_udivmoddi4.o)
                0x08000210                __udivmoddi4
 .text          0x08000508        0x4 C:/ST/STM32CubeIDE_1.19.0/STM32CubeIDE/plugins/com.st.stm32cube.ide.mcu.externaltools.gnu-tools-for-stm32.13.3.rel1.win32_1.0.0.202411081344/tools/bin/../lib/gcc/arm-none-eabi/13.3.1/thumb/v7e-m+fp/hard\libgcc.a(_dvmd_tls.o)
                0x08000508                __aeabi_idiv0
                0x08000508                __aeabi_ldiv0
 *(.text*)
 .text.configureTimerForRunTimeStats
                0x0800050c       0x34 ./Core/Src/freertos.o
                0x0800050c                configureTimerForRunTimeStats
 .text.getRunTimeCounterValue
                0x08000540       0x18 ./Core/Src/freertos.o
                0x08000540                getRunTimeCounterValue
 .text.parse_message_and_get_state
                0x08000558      0x13c ./Core/Src/main.o
 .text.CommTask
                0x08000694       0xe0 ./Core/Src/main.o
 .text.LedTask  0x08000774       0x78 ./Core/Src/main.o
 .text.AudioTask
                0x080007ec       0xa0 ./Core/Src/main.o
 .text.main     0x0800088c      0x108 ./Core/Src/main.o
                0x0800088c                main
 .text.SystemClock_Config
                0x08000994       0xd0 ./Core/Src/main.o
                0x08000994                SystemClock_Config
 .text.PeriphCommonClock_Config
                0x08000a64       0x40 ./Core/Src/main.o
                0x08000a64                PeriphCommonClock_Config
 .text.MX_I2C1_Init
                0x08000aa4       0x5c ./Core/Src/main.o
 .text.MX_I2S2_Init
                0x08000b00       0x5c ./Core/Src/main.o
 .text.MX_I2S3_Init
                0x08000b5c       0x60 ./Core/Src/main.o
 .text.MX_SPI1_Init
                0x08000bbc       0x6c ./Core/Src/main.o
 .text.MX_USART2_UART_Init
                0x08000c28       0x54 ./Core/Src/main.o
 .text.MX_GPIO_Init
                0x08000c7c      0x1dc ./Core/Src/main.o
 .text.HAL_UART_RxCpltCallback
                0x08000e58       0x74 ./Core/Src/main.o
                0x08000e58                HAL_UART_RxCpltCallback
 .text.StartDefaultTask
                0x08000ecc       0x14 ./Core/Src/main.o
                0x08000ecc                StartDefaultTask
 .text.HAL_TIM_PeriodElapsedCallback
                0x08000ee0       0x24 ./Core/Src/main.o
                0x08000ee0                HAL_TIM_PeriodElapsedCallback
 .text.Error_Handler
                0x08000f04        0xc ./Core/Src/main.o
                0x08000f04                Error_Handler
 .text.HAL_MspInit
                0x08000f10       0x58 ./Core/Src/stm32f4xx_hal_msp.o
                0x08000f10                HAL_MspInit
 .text.HAL_I2C_MspInit
                0x08000f68       0x90 ./Core/Src/stm32f4xx_hal_msp.o
                0x08000f68                HAL_I2C_MspInit
 .text.HAL_I2S_MspInit
                0x08000ff8      0x19c ./Core/Src/stm32f4xx_hal_msp.o
                0x08000ff8                HAL_I2S_MspInit
 .text.HAL_SPI_MspInit
                0x08001194       0x90 ./Core/Src/stm32f4xx_hal_msp.o
                0x08001194                HAL_SPI_MspInit
 .text.HAL_UART_MspInit
                0x08001224       0xa0 ./Core/Src/stm32f4xx_hal_msp.o
                0x08001224                HAL_UART_MspInit
 .text.HAL_InitTick
                0x080012c4       0xf8 ./Core/Src/stm32f4xx_hal_timebase_tim.o
                0x080012c4                HAL_InitTick
 .text.NMI_Handler
                0x080013bc        0x8 ./Core/Src/stm32f4xx_it.o
                0x080013bc                NMI_Handler
 .text.HardFault_Handler
                0x080013c4        0x8 ./Core/Src/stm32f4xx_it.o
                0x080013c4                HardFault_Handler
 .text.MemManage_Handler
                0x080013cc        0x8 ./Core/Src/stm32f4xx_it.o
                0x080013cc                MemManage_Handler
 .text.BusFault_Handler
                0x080013d4        0x8 ./Core/Src/stm32f4xx_it.o
                0x080013d4                BusFault_Handler
 .text.UsageFault_Handler
                0x080013dc        0x8 ./Core/Src/stm32f4xx_it.o
                0x080013dc                UsageFault_Handler
 .text.DebugMon_Handler
                0x080013e4        0xe ./Core/Src/stm32f4xx_it.o
                0x080013e4                DebugMon_Handler
 *fill*         0x080013f2        0x2 
 .text.TIM4_IRQHandler
                0x080013f4       0x14 ./Core/Src/stm32f4xx_it.o
                0x080013f4                TIM4_IRQHandler
 .text.USART2_IRQHandler
                0x08001408       0x14 ./Core/Src/stm32f4xx_it.o
                0x08001408                USART2_IRQHandler
 .text.OTG_FS_IRQHandler
                0x0800141c       0x14 ./Core/Src/stm32f4xx_it.o
                0x0800141c                OTG_FS_IRQHandler
 .text._sbrk    0x08001430       0x6c ./Core/Src/sysmem.o
                0x08001430                _sbrk
 .text.SystemInit
                0x0800149c       0x24 ./Core/Src/system_stm32f4xx.o
                0x0800149c                SystemInit
 .text.Reset_Handler
                0x080014c0       0x50 ./Core/Startup/startup_stm32f411vetx.o
                0x080014c0                Reset_Handler
 .text.Default_Handler
                0x08001510        0x2 ./Core/Startup/startup_stm32f411vetx.o
                0x08001510                RTC_Alarm_IRQHandler
                0x08001510                EXTI2_IRQHandler
                0x08001510                SPI4_IRQHandler
                0x08001510                TIM1_CC_IRQHandler
                0x08001510                DMA2_Stream5_IRQHandler
                0x08001510                DMA1_Stream5_IRQHandler
                0x08001510                PVD_IRQHandler
                0x08001510                SDIO_IRQHandler
                0x08001510                TAMP_STAMP_IRQHandler
                0x08001510                EXTI3_IRQHandler
                0x08001510                TIM1_UP_TIM10_IRQHandler
                0x08001510                I2C3_ER_IRQHandler
                0x08001510                EXTI0_IRQHandler
                0x08001510                I2C2_EV_IRQHandler
                0x08001510                DMA1_Stream2_IRQHandler
                0x08001510                FPU_IRQHandler
                0x08001510                DMA2_Stream2_IRQHandler
                0x08001510                SPI1_IRQHandler
                0x08001510                TIM1_BRK_TIM9_IRQHandler
                0x08001510                DMA2_Stream3_IRQHandler
                0x08001510                USART6_IRQHandler
                0x08001510                DMA2_Stream0_IRQHandler
                0x08001510                I2C1_EV_IRQHandler
                0x08001510                DMA1_Stream6_IRQHandler
                0x08001510                DMA1_Stream1_IRQHandler
                0x08001510                TIM3_IRQHandler
                0x08001510                RCC_IRQHandler
                0x08001510                Default_Handler
                0x08001510                EXTI15_10_IRQHandler
                0x08001510                ADC_IRQHandler
                0x08001510                DMA1_Stream7_IRQHandler
                0x08001510                SPI5_IRQHandler
                0x08001510                TIM5_IRQHandler
                0x08001510                DMA2_Stream7_IRQHandler
                0x08001510                I2C3_EV_IRQHandler
                0x08001510                EXTI9_5_IRQHandler
                0x08001510                RTC_WKUP_IRQHandler
                0x08001510                SPI2_IRQHandler
                0x08001510                DMA1_Stream0_IRQHandler
                0x08001510                EXTI4_IRQHandler
                0x08001510                WWDG_IRQHandler
                0x08001510                TIM2_IRQHandler
                0x08001510                OTG_FS_WKUP_IRQHandler
                0x08001510                TIM1_TRG_COM_TIM11_IRQHandler
                0x08001510                EXTI1_IRQHandler
                0x08001510                I2C2_ER_IRQHandler
                0x08001510                DMA2_Stream1_IRQHandler
                0x08001510                FLASH_IRQHandler
                0x08001510                DMA2_Stream4_IRQHandler
                0x08001510                USART1_IRQHandler
                0x08001510                SPI3_IRQHandler
                0x08001510                DMA1_Stream4_IRQHandler
                0x08001510                I2C1_ER_IRQHandler
                0x08001510                DMA2_Stream6_IRQHandler
                0x08001510                DMA1_Stream3_IRQHandler
 *fill*         0x08001512        0x2 
 .text.HAL_Init
                0x08001514       0x44 ./Drivers/STM32F4xx_HAL_Driver/Src/stm32f4xx_hal.o
                0x08001514                HAL_Init
 .text.HAL_IncTick
                0x08001558       0x28 ./Drivers/STM32F4xx_HAL_Driver/Src/stm32f4xx_hal.o
                0x08001558                HAL_IncTick
 .text.HAL_GetTick
                0x08001580       0x18 ./Drivers/STM32F4xx_HAL_Driver/Src/stm32f4xx_hal.o
                0x08001580                HAL_GetTick
 .text.HAL_Delay
                0x08001598       0x48 ./Drivers/STM32F4xx_HAL_Driver/Src/stm32f4xx_hal.o
                0x08001598                HAL_Delay
 .text.__NVIC_SetPriorityGrouping
                0x080015e0       0x48 ./Drivers/STM32F4xx_HAL_Driver/Src/stm32f4xx_hal_cortex.o
 .text.__NVIC_GetPriorityGrouping
                0x08001628       0x1c ./Drivers/STM32F4xx_HAL_Driver/Src/stm32f4xx_hal_cortex.o
 .text.__NVIC_EnableIRQ
                0x08001644       0x3c ./Drivers/STM32F4xx_HAL_Driver/Src/stm32f4xx_hal_cortex.o
 .text.__NVIC_SetPriority
                0x08001680       0x54 ./Drivers/STM32F4xx_HAL_Driver/Src/stm32f4xx_hal_cortex.o
 .text.NVIC_EncodePriority
                0x080016d4       0x66 ./Drivers/STM32F4xx_HAL_Driver/Src/stm32f4xx_hal_cortex.o
 .text.HAL_NVIC_SetPriorityGrouping
                0x0800173a       0x16 ./Drivers/STM32F4xx_HAL_Driver/Src/stm32f4xx_hal_cortex.o
                0x0800173a                HAL_NVIC_SetPriorityGrouping
 .text.HAL_NVIC_SetPriority
                0x08001750       0x38 ./Drivers/STM32F4xx_HAL_Driver/Src/stm32f4xx_hal_cortex.o
                0x08001750                HAL_NVIC_SetPriority
 .text.HAL_NVIC_EnableIRQ
                0x08001788       0x1c ./Drivers/STM32F4xx_HAL_Driver/Src/stm32f4xx_hal_cortex.o
                0x08001788                HAL_NVIC_EnableIRQ
 .text.HAL_DMA_Abort
                0x080017a4       0xe0 ./Drivers/STM32F4xx_HAL_Driver/Src/stm32f4xx_hal_dma.o
                0x080017a4                HAL_DMA_Abort
 .text.HAL_DMA_Abort_IT
                0x08001884       0x44 ./Drivers/STM32F4xx_HAL_Driver/Src/stm32f4xx_hal_dma.o
                0x08001884                HAL_DMA_Abort_IT
 .text.HAL_GPIO_Init
                0x080018c8      0x308 ./Drivers/STM32F4xx_HAL_Driver/Src/stm32f4xx_hal_gpio.o
                0x080018c8                HAL_GPIO_Init
 .text.HAL_GPIO_WritePin
                0x08001bd0       0x32 ./Drivers/STM32F4xx_HAL_Driver/Src/stm32f4xx_hal_gpio.o
                0x08001bd0                HAL_GPIO_WritePin
 .text.HAL_GPIO_TogglePin
                0x08001c02       0x34 ./Drivers/STM32F4xx_HAL_Driver/Src/stm32f4xx_hal_gpio.o
                0x08001c02                HAL_GPIO_TogglePin
 .text.HAL_HCD_Init
                0x08001c36       0xce ./Drivers/STM32F4xx_HAL_Driver/Src/stm32f4xx_hal_hcd.o
                0x08001c36                HAL_HCD_Init
 .text.HAL_HCD_HC_Init
                0x08001d04      0x170 ./Drivers/STM32F4xx_HAL_Driver/Src/stm32f4xx_hal_hcd.o
                0x08001d04                HAL_HCD_HC_Init
 .text.HAL_HCD_HC_SubmitRequest
                0x08001e74      0x33c ./Drivers/STM32F4xx_HAL_Driver/Src/stm32f4xx_hal_hcd.o
                0x08001e74                HAL_HCD_HC_SubmitRequest
 .text.HAL_HCD_IRQHandler
                0x080021b0      0x220 ./Drivers/STM32F4xx_HAL_Driver/Src/stm32f4xx_hal_hcd.o
                0x080021b0                HAL_HCD_IRQHandler
 .text.HAL_HCD_Start
                0x080023d0       0x46 ./Drivers/STM32F4xx_HAL_Driver/Src/stm32f4xx_hal_hcd.o
                0x080023d0                HAL_HCD_Start
 .text.HAL_HCD_Stop
                0x08002416       0x3a ./Drivers/STM32F4xx_HAL_Driver/Src/stm32f4xx_hal_hcd.o
                0x08002416                HAL_HCD_Stop
 .text.HAL_HCD_ResetPort
                0x08002450       0x1c ./Drivers/STM32F4xx_HAL_Driver/Src/stm32f4xx_hal_hcd.o
                0x08002450                HAL_HCD_ResetPort
 .text.HAL_HCD_HC_GetURBState
                0x0800246c       0x2a ./Drivers/STM32F4xx_HAL_Driver/Src/stm32f4xx_hal_hcd.o
                0x0800246c                HAL_HCD_HC_GetURBState
 .text.HAL_HCD_HC_GetXferCount
                0x08002496       0x2a ./Drivers/STM32F4xx_HAL_Driver/Src/stm32f4xx_hal_hcd.o
                0x08002496                HAL_HCD_HC_GetXferCount
 .text.HAL_HCD_GetCurrentFrame
                0x080024c0       0x1c ./Drivers/STM32F4xx_HAL_Driver/Src/stm32f4xx_hal_hcd.o
                0x080024c0                HAL_HCD_GetCurrentFrame
 .text.HAL_HCD_GetCurrentSpeed
                0x080024dc       0x1c ./Drivers/STM32F4xx_HAL_Driver/Src/stm32f4xx_hal_hcd.o
                0x080024dc                HAL_HCD_GetCurrentSpeed
 .text.HAL_HCD_HC_ClearHubInfo
                0x080024f8       0x6a ./Drivers/STM32F4xx_HAL_Driver/Src/stm32f4xx_hal_hcd.o
                0x080024f8                HAL_HCD_HC_ClearHubInfo
 .text.HCD_HC_IN_IRQHandler
                0x08002562      0xcd2 ./Drivers/STM32F4xx_HAL_Driver/Src/stm32f4xx_hal_hcd.o
 .text.HCD_HC_OUT_IRQHandler
                0x08003234      0x97e ./Drivers/STM32F4xx_HAL_Driver/Src/stm32f4xx_hal_hcd.o
 .text.HCD_RXQLVL_IRQHandler
                0x08003bb2      0x1be ./Drivers/STM32F4xx_HAL_Driver/Src/stm32f4xx_hal_hcd.o
 .text.HCD_Port_IRQHandler
                0x08003d70       0xe6 ./Drivers/STM32F4xx_HAL_Driver/Src/stm32f4xx_hal_hcd.o
 *fill*         0x08003e56        0x2 
 .text.HAL_I2C_Init
                0x08003e58      0x288 ./Drivers/STM32F4xx_HAL_Driver/Src/stm32f4xx_hal_i2c.o
                0x08003e58                HAL_I2C_Init
 .text.HAL_I2S_Init
                0x080040e0      0x280 ./Drivers/STM32F4xx_HAL_Driver/Src/stm32f4xx_hal_i2s.o
                0x080040e0                HAL_I2S_Init
 .text.HAL_I2S_TxCpltCallback
                0x08004360       0x14 ./Drivers/STM32F4xx_HAL_Driver/Src/stm32f4xx_hal_i2s.o
                0x08004360                HAL_I2S_TxCpltCallback
 .text.HAL_I2S_RxCpltCallback
                0x08004374       0x14 ./Drivers/STM32F4xx_HAL_Driver/Src/stm32f4xx_hal_i2s.o
                0x08004374                HAL_I2S_RxCpltCallback
 .text.HAL_I2S_ErrorCallback
                0x08004388       0x14 ./Drivers/STM32F4xx_HAL_Driver/Src/stm32f4xx_hal_i2s.o
                0x08004388                HAL_I2S_ErrorCallback
 .text.I2S_Transmit_IT
                0x0800439c       0x5c ./Drivers/STM32F4xx_HAL_Driver/Src/stm32f4xx_hal_i2s.o
 .text.I2S_Receive_IT
                0x080043f8       0x5e ./Drivers/STM32F4xx_HAL_Driver/Src/stm32f4xx_hal_i2s.o
 .text.I2S_IRQHandler
                0x08004456      0x114 ./Drivers/STM32F4xx_HAL_Driver/Src/stm32f4xx_hal_i2s.o
 *fill*         0x0800456a        0x2 
 .text.HAL_I2SEx_FullDuplex_IRQHandler
                0x0800456c      0x2a8 ./Drivers/STM32F4xx_HAL_Driver/Src/stm32f4xx_hal_i2s_ex.o
                0x0800456c                HAL_I2SEx_FullDuplex_IRQHandler
 .text.HAL_I2SEx_TxRxCpltCallback
                0x08004814       0x14 ./Drivers/STM32F4xx_HAL_Driver/Src/stm32f4xx_hal_i2s_ex.o
                0x08004814                HAL_I2SEx_TxRxCpltCallback
 .text.I2SEx_TxISR_I2S
                0x08004828       0x62 ./Drivers/STM32F4xx_HAL_Driver/Src/stm32f4xx_hal_i2s_ex.o
 *fill*         0x0800488a        0x2 
 .text.I2SEx_TxISR_I2SExt
                0x0800488c       0x98 ./Drivers/STM32F4xx_HAL_Driver/Src/stm32f4xx_hal_i2s_ex.o
 .text.I2SEx_RxISR_I2S
                0x08004924       0x64 ./Drivers/STM32F4xx_HAL_Driver/Src/stm32f4xx_hal_i2s_ex.o
 .text.I2SEx_RxISR_I2SExt
                0x08004988       0x98 ./Drivers/STM32F4xx_HAL_Driver/Src/stm32f4xx_hal_i2s_ex.o
 .text.HAL_RCC_OscConfig
                0x08004a20      0x4f0 ./Drivers/STM32F4xx_HAL_Driver/Src/stm32f4xx_hal_rcc.o
                0x08004a20                HAL_RCC_OscConfig
 .text.HAL_RCC_ClockConfig
                0x08004f10      0x1cc ./Drivers/STM32F4xx_HAL_Driver/Src/stm32f4xx_hal_rcc.o
                0x08004f10                HAL_RCC_ClockConfig
 .text.HAL_RCC_GetSysClockFreq
                0x080050dc      0x20c ./Drivers/STM32F4xx_HAL_Driver/Src/stm32f4xx_hal_rcc.o
                0x080050dc                HAL_RCC_GetSysClockFreq
 .text.HAL_RCC_GetHCLKFreq
                0x080052e8       0x18 ./Drivers/STM32F4xx_HAL_Driver/Src/stm32f4xx_hal_rcc.o
                0x080052e8                HAL_RCC_GetHCLKFreq
 .text.HAL_RCC_GetPCLK1Freq
                0x08005300       0x28 ./Drivers/STM32F4xx_HAL_Driver/Src/stm32f4xx_hal_rcc.o
                0x08005300                HAL_RCC_GetPCLK1Freq
 .text.HAL_RCC_GetPCLK2Freq
                0x08005328       0x28 ./Drivers/STM32F4xx_HAL_Driver/Src/stm32f4xx_hal_rcc.o
                0x08005328                HAL_RCC_GetPCLK2Freq
 .text.HAL_RCC_GetClockConfig
                0x08005350       0x64 ./Drivers/STM32F4xx_HAL_Driver/Src/stm32f4xx_hal_rcc.o
                0x08005350                HAL_RCC_GetClockConfig
 .text.HAL_RCCEx_PeriphCLKConfig
                0x080053b4      0x1e0 ./Drivers/STM32F4xx_HAL_Driver/Src/stm32f4xx_hal_rcc_ex.o
                0x080053b4                HAL_RCCEx_PeriphCLKConfig
 .text.HAL_RCCEx_GetPeriphCLKFreq
                0x08005594       0xc4 ./Drivers/STM32F4xx_HAL_Driver/Src/stm32f4xx_hal_rcc_ex.o
                0x08005594                HAL_RCCEx_GetPeriphCLKFreq
 .text.HAL_SPI_Init
                0x08005658      0x112 ./Drivers/STM32F4xx_HAL_Driver/Src/stm32f4xx_hal_spi.o
                0x08005658                HAL_SPI_Init
 .text.HAL_TIM_Base_Init
                0x0800576a       0x9e ./Drivers/STM32F4xx_HAL_Driver/Src/stm32f4xx_hal_tim.o
                0x0800576a                HAL_TIM_Base_Init
 .text.HAL_TIM_Base_MspInit
                0x08005808       0x14 ./Drivers/STM32F4xx_HAL_Driver/Src/stm32f4xx_hal_tim.o
                0x08005808                HAL_TIM_Base_MspInit
 .text.HAL_TIM_Base_Start_IT
                0x0800581c       0xc4 ./Drivers/STM32F4xx_HAL_Driver/Src/stm32f4xx_hal_tim.o
                0x0800581c                HAL_TIM_Base_Start_IT
 .text.HAL_TIM_IRQHandler
                0x080058e0      0x1e0 ./Drivers/STM32F4xx_HAL_Driver/Src/stm32f4xx_hal_tim.o
                0x080058e0                HAL_TIM_IRQHandler
 .text.HAL_TIM_OC_DelayElapsedCallback
                0x08005ac0       0x14 ./Drivers/STM32F4xx_HAL_Driver/Src/stm32f4xx_hal_tim.o
                0x08005ac0                HAL_TIM_OC_DelayElapsedCallback
 .text.HAL_TIM_IC_CaptureCallback
                0x08005ad4       0x14 ./Drivers/STM32F4xx_HAL_Driver/Src/stm32f4xx_hal_tim.o
                0x08005ad4                HAL_TIM_IC_CaptureCallback
 .text.HAL_TIM_PWM_PulseFinishedCallback
                0x08005ae8       0x14 ./Drivers/STM32F4xx_HAL_Driver/Src/stm32f4xx_hal_tim.o
                0x08005ae8                HAL_TIM_PWM_PulseFinishedCallback
 .text.HAL_TIM_TriggerCallback
                0x08005afc       0x14 ./Drivers/STM32F4xx_HAL_Driver/Src/stm32f4xx_hal_tim.o
                0x08005afc                HAL_TIM_TriggerCallback
 .text.TIM_Base_SetConfig
                0x08005b10      0x10c ./Drivers/STM32F4xx_HAL_Driver/Src/stm32f4xx_hal_tim.o
                0x08005b10                TIM_Base_SetConfig
 .text.HAL_TIMEx_CommutCallback
                0x08005c1c       0x14 ./Drivers/STM32F4xx_HAL_Driver/Src/stm32f4xx_hal_tim_ex.o
                0x08005c1c                HAL_TIMEx_CommutCallback
 .text.HAL_TIMEx_BreakCallback
                0x08005c30       0x14 ./Drivers/STM32F4xx_HAL_Driver/Src/stm32f4xx_hal_tim_ex.o
                0x08005c30                HAL_TIMEx_BreakCallback
 .text.HAL_UART_Init
                0x08005c44       0xa0 ./Drivers/STM32F4xx_HAL_Driver/Src/stm32f4xx_hal_uart.o
                0x08005c44                HAL_UART_Init
 .text.HAL_UART_Receive_IT
                0x08005ce4       0x4a ./Drivers/STM32F4xx_HAL_Driver/Src/stm32f4xx_hal_uart.o
                0x08005ce4                HAL_UART_Receive_IT
 *fill*         0x08005d2e        0x2 
 .text.HAL_UART_IRQHandler
                0x08005d30      0x554 ./Drivers/STM32F4xx_HAL_Driver/Src/stm32f4xx_hal_uart.o
                0x08005d30                HAL_UART_IRQHandler
 .text.HAL_UART_TxCpltCallback
                0x08006284       0x14 ./Drivers/STM32F4xx_HAL_Driver/Src/stm32f4xx_hal_uart.o
                0x08006284                HAL_UART_TxCpltCallback
 .text.HAL_UART_ErrorCallback
                0x08006298       0x14 ./Drivers/STM32F4xx_HAL_Driver/Src/stm32f4xx_hal_uart.o
                0x08006298                HAL_UART_ErrorCallback
 .text.HAL_UARTEx_RxEventCallback
                0x080062ac       0x18 ./Drivers/STM32F4xx_HAL_Driver/Src/stm32f4xx_hal_uart.o
                0x080062ac                HAL_UARTEx_RxEventCallback
 .text.UART_Start_Receive_IT
                0x080062c4       0x74 ./Drivers/STM32F4xx_HAL_Driver/Src/stm32f4xx_hal_uart.o
                0x080062c4                UART_Start_Receive_IT
 .text.UART_EndRxTransfer
                0x08006338       0xc6 ./Drivers/STM32F4xx_HAL_Driver/Src/stm32f4xx_hal_uart.o
 .text.UART_DMAAbortOnError
                0x080063fe       0x22 ./Drivers/STM32F4xx_HAL_Driver/Src/stm32f4xx_hal_uart.o
 .text.UART_Transmit_IT
                0x08006420       0xa0 ./Drivers/STM32F4xx_HAL_Driver/Src/stm32f4xx_hal_uart.o
 .text.UART_EndTransmit_IT
                0x080064c0       0x30 ./Drivers/STM32F4xx_HAL_Driver/Src/stm32f4xx_hal_uart.o
 .text.UART_Receive_IT
                0x080064f0      0x17c ./Drivers/STM32F4xx_HAL_Driver/Src/stm32f4xx_hal_uart.o
 .text.UART_SetConfig
                0x0800666c      0x4e8 ./Drivers/STM32F4xx_HAL_Driver/Src/stm32f4xx_hal_uart.o
 .text.USB_CoreInit
                0x08006b54       0xc8 ./Drivers/STM32F4xx_HAL_Driver/Src/stm32f4xx_ll_usb.o
                0x08006b54                USB_CoreInit
 .text.USB_EnableGlobalInt
                0x08006c1c       0x22 ./Drivers/STM32F4xx_HAL_Driver/Src/stm32f4xx_ll_usb.o
                0x08006c1c                USB_EnableGlobalInt
 .text.USB_DisableGlobalInt
                0x08006c3e       0x22 ./Drivers/STM32F4xx_HAL_Driver/Src/stm32f4xx_ll_usb.o
                0x08006c3e                USB_DisableGlobalInt
 .text.USB_SetCurrentMode
                0x08006c60       0x98 ./Drivers/STM32F4xx_HAL_Driver/Src/stm32f4xx_ll_usb.o
                0x08006c60                USB_SetCurrentMode
 .text.USB_FlushTxFifo
                0x08006cf8       0x64 ./Drivers/STM32F4xx_HAL_Driver/Src/stm32f4xx_ll_usb.o
                0x08006cf8                USB_FlushTxFifo
 .text.USB_FlushRxFifo
                0x08006d5c       0x5c ./Drivers/STM32F4xx_HAL_Driver/Src/stm32f4xx_ll_usb.o
                0x08006d5c                USB_FlushRxFifo
 .text.USB_WritePacket
                0x08006db8       0x7c ./Drivers/STM32F4xx_HAL_Driver/Src/stm32f4xx_ll_usb.o
                0x08006db8                USB_WritePacket
 .text.USB_ReadPacket
                0x08006e34       0xb0 ./Drivers/STM32F4xx_HAL_Driver/Src/stm32f4xx_ll_usb.o
                0x08006e34                USB_ReadPacket
 .text.USB_ReadInterrupts
                0x08006ee4       0x26 ./Drivers/STM32F4xx_HAL_Driver/Src/stm32f4xx_ll_usb.o
                0x08006ee4                USB_ReadInterrupts
 .text.USB_ReadChInterrupts
                0x08006f0a       0x42 ./Drivers/STM32F4xx_HAL_Driver/Src/stm32f4xx_ll_usb.o
                0x08006f0a                USB_ReadChInterrupts
 .text.USB_GetMode
                0x08006f4c       0x1c ./Drivers/STM32F4xx_HAL_Driver/Src/stm32f4xx_ll_usb.o
                0x08006f4c                USB_GetMode
 .text.USB_CoreReset
                0x08006f68       0x70 ./Drivers/STM32F4xx_HAL_Driver/Src/stm32f4xx_ll_usb.o
 .text.USB_HostInit
                0x08006fd8      0x15c ./Drivers/STM32F4xx_HAL_Driver/Src/stm32f4xx_ll_usb.o
                0x08006fd8                USB_HostInit
 .text.USB_InitFSLSPClkSel
                0x08007134       0x7a ./Drivers/STM32F4xx_HAL_Driver/Src/stm32f4xx_ll_usb.o
                0x08007134                USB_InitFSLSPClkSel
 .text.USB_ResetPort
                0x080071ae       0x54 ./Drivers/STM32F4xx_HAL_Driver/Src/stm32f4xx_ll_usb.o
                0x080071ae                USB_ResetPort
 .text.USB_DriveVbus
                0x08007202       0x72 ./Drivers/STM32F4xx_HAL_Driver/Src/stm32f4xx_ll_usb.o
                0x08007202                USB_DriveVbus
 .text.USB_GetHostSpeed
                0x08007274       0x2e ./Drivers/STM32F4xx_HAL_Driver/Src/stm32f4xx_ll_usb.o
                0x08007274                USB_GetHostSpeed
 .text.USB_GetCurrentFrame
                0x080072a2       0x22 ./Drivers/STM32F4xx_HAL_Driver/Src/stm32f4xx_ll_usb.o
                0x080072a2                USB_GetCurrentFrame
 .text.USB_HC_Init
                0x080072c4      0x22c ./Drivers/STM32F4xx_HAL_Driver/Src/stm32f4xx_ll_usb.o
                0x080072c4                USB_HC_Init
 .text.USB_HC_StartXfer
                0x080074f0      0x488 ./Drivers/STM32F4xx_HAL_Driver/Src/stm32f4xx_ll_usb.o
                0x080074f0                USB_HC_StartXfer
 .text.USB_HC_ReadInterrupt
                0x08007978       0x22 ./Drivers/STM32F4xx_HAL_Driver/Src/stm32f4xx_ll_usb.o
                0x08007978                USB_HC_ReadInterrupt
 .text.USB_HC_Halt
                0x0800799a      0x240 ./Drivers/STM32F4xx_HAL_Driver/Src/stm32f4xx_ll_usb.o
                0x0800799a                USB_HC_Halt
 .text.USB_StopHost
                0x08007bda      0x124 ./Drivers/STM32F4xx_HAL_Driver/Src/stm32f4xx_ll_usb.o
                0x08007bda                USB_StopHost
 .text.USBH_CDC_InterfaceInit
                0x08007cfe      0x2ac ./Middlewares/ST/STM32_USB_Host_Library/Class/CDC/Src/usbh_cdc.o
 .text.USBH_CDC_InterfaceDeInit
                0x08007faa       0xb2 ./Middlewares/ST/STM32_USB_Host_Library/Class/CDC/Src/usbh_cdc.o
 .text.USBH_CDC_ClassRequest
                0x0800805c       0x3e ./Middlewares/ST/STM32_USB_Host_Library/Class/CDC/Src/usbh_cdc.o
 *fill*         0x0800809a        0x2 
 .text.USBH_CDC_Process
                0x0800809c      0x12c ./Middlewares/ST/STM32_USB_Host_Library/Class/CDC/Src/usbh_cdc.o
 .text.USBH_CDC_SOFProcess
                0x080081c8       0x16 ./Middlewares/ST/STM32_USB_Host_Library/Class/CDC/Src/usbh_cdc.o
 .text.GetLineCoding
                0x080081de       0x3e ./Middlewares/ST/STM32_USB_Host_Library/Class/CDC/Src/usbh_cdc.o
 .text.SetLineCoding
                0x0800821c       0x3e ./Middlewares/ST/STM32_USB_Host_Library/Class/CDC/Src/usbh_cdc.o
 .text.CDC_ProcessTransmission
                0x0800825a      0x104 ./Middlewares/ST/STM32_USB_Host_Library/Class/CDC/Src/usbh_cdc.o
 .text.CDC_ProcessReception
                0x0800835e       0xc2 ./Middlewares/ST/STM32_USB_Host_Library/Class/CDC/Src/usbh_cdc.o
 .text.USBH_CDC_TransmitCallback
                0x08008420       0x14 ./Middlewares/ST/STM32_USB_Host_Library/Class/CDC/Src/usbh_cdc.o
                0x08008420                USBH_CDC_TransmitCallback
 .text.USBH_CDC_ReceiveCallback
                0x08008434       0x14 ./Middlewares/ST/STM32_USB_Host_Library/Class/CDC/Src/usbh_cdc.o
                0x08008434                USBH_CDC_ReceiveCallback
 .text.USBH_CDC_LineCodingChanged
                0x08008448       0x14 ./Middlewares/ST/STM32_USB_Host_Library/Class/CDC/Src/usbh_cdc.o
                0x08008448                USBH_CDC_LineCodingChanged
 .text.USBH_Init
                0x0800845c       0xb8 ./Middlewares/ST/STM32_USB_Host_Library/Core/Src/usbh_core.o
                0x0800845c                USBH_Init
 .text.DeInitStateMachine
                0x08008514       0xe2 ./Middlewares/ST/STM32_USB_Host_Library/Core/Src/usbh_core.o
 .text.USBH_RegisterClass
                0x080085f6       0x54 ./Middlewares/ST/STM32_USB_Host_Library/Core/Src/usbh_core.o
                0x080085f6                USBH_RegisterClass
 .text.USBH_SelectInterface
                0x0800864a       0x38 ./Middlewares/ST/STM32_USB_Host_Library/Core/Src/usbh_core.o
                0x0800864a                USBH_SelectInterface
 .text.USBH_FindInterface
                0x08008682       0x8c ./Middlewares/ST/STM32_USB_Host_Library/Core/Src/usbh_core.o
                0x08008682                USBH_FindInterface
 .text.USBH_Start
                0x0800870e       0x20 ./Middlewares/ST/STM32_USB_Host_Library/Core/Src/usbh_core.o
                0x0800870e                USBH_Start
 *fill*         0x0800872e        0x2 
 .text.USBH_Process
                0x08008730      0x434 ./Middlewares/ST/STM32_USB_Host_Library/Core/Src/usbh_core.o
                0x08008730                USBH_Process
 .text.USBH_HandleEnum
                0x08008b64      0x3fc ./Middlewares/ST/STM32_USB_Host_Library/Core/Src/usbh_core.o
 .text.USBH_LL_SetTimer
                0x08008f60       0x1e ./Middlewares/ST/STM32_USB_Host_Library/Core/Src/usbh_core.o
                0x08008f60                USBH_LL_SetTimer
 .text.USBH_LL_IncTimer
                0x08008f7e       0x24 ./Middlewares/ST/STM32_USB_Host_Library/Core/Src/usbh_core.o
                0x08008f7e                USBH_LL_IncTimer
 .text.USBH_HandleSof
                0x08008fa2       0x30 ./Middlewares/ST/STM32_USB_Host_Library/Core/Src/usbh_core.o
 .text.USBH_LL_PortEnabled
                0x08008fd2       0x24 ./Middlewares/ST/STM32_USB_Host_Library/Core/Src/usbh_core.o
                0x08008fd2                USBH_LL_PortEnabled
 .text.USBH_LL_PortDisabled
                0x08008ff6       0x24 ./Middlewares/ST/STM32_USB_Host_Library/Core/Src/usbh_core.o
                0x08008ff6                USBH_LL_PortDisabled
 .text.USBH_LL_Connect
                0x0800901a       0x36 ./Middlewares/ST/STM32_USB_Host_Library/Core/Src/usbh_core.o
                0x0800901a                USBH_LL_Connect
 .text.USBH_LL_Disconnect
                0x08009050       0x54 ./Middlewares/ST/STM32_USB_Host_Library/Core/Src/usbh_core.o
                0x08009050                USBH_LL_Disconnect
 .text.USBH_OS_PutMessage
                0x080090a4       0x48 ./Middlewares/ST/STM32_USB_Host_Library/Core/Src/usbh_core.o
                0x080090a4                USBH_OS_PutMessage
 .text.USBH_Process_OS
                0x080090ec       0x2e ./Middlewares/ST/STM32_USB_Host_Library/Core/Src/usbh_core.o
 .text.USBH_LL_NotifyURBChange
                0x0800911a       0x1e ./Middlewares/ST/STM32_USB_Host_Library/Core/Src/usbh_core.o
                0x0800911a                USBH_LL_NotifyURBChange
 .text.USBH_Get_DevDesc
                0x08009138       0x58 ./Middlewares/ST/STM32_USB_Host_Library/Core/Src/usbh_ctlreq.o
                0x08009138                USBH_Get_DevDesc
 .text.USBH_Get_CfgDesc
                0x08009190       0x54 ./Middlewares/ST/STM32_USB_Host_Library/Core/Src/usbh_ctlreq.o
                0x08009190                USBH_Get_CfgDesc
 .text.USBH_Get_StringDesc
                0x080091e4       0x68 ./Middlewares/ST/STM32_USB_Host_Library/Core/Src/usbh_ctlreq.o
                0x080091e4                USBH_Get_StringDesc
 .text.USBH_GetDescriptor
                0x0800924c       0x6a ./Middlewares/ST/STM32_USB_Host_Library/Core/Src/usbh_ctlreq.o
                0x0800924c                USBH_GetDescriptor
 .text.USBH_SetAddress
                0x080092b6       0x48 ./Middlewares/ST/STM32_USB_Host_Library/Core/Src/usbh_ctlreq.o
                0x080092b6                USBH_SetAddress
 .text.USBH_SetCfg
                0x080092fe       0x46 ./Middlewares/ST/STM32_USB_Host_Library/Core/Src/usbh_ctlreq.o
                0x080092fe                USBH_SetCfg
 .text.USBH_SetFeature
                0x08009344       0x48 ./Middlewares/ST/STM32_USB_Host_Library/Core/Src/usbh_ctlreq.o
                0x08009344                USBH_SetFeature
 .text.USBH_ClrFeature
                0x0800938c       0x48 ./Middlewares/ST/STM32_USB_Host_Library/Core/Src/usbh_ctlreq.o
                0x0800938c                USBH_ClrFeature
 .text.USBH_ParseDevDesc
                0x080093d4      0x160 ./Middlewares/ST/STM32_USB_Host_Library/Core/Src/usbh_ctlreq.o
 .text.USBH_ParseCfgDesc
                0x08009534      0x1f8 ./Middlewares/ST/STM32_USB_Host_Library/Core/Src/usbh_ctlreq.o
 .text.USBH_ParseInterfaceDesc
                0x0800972c       0x5e ./Middlewares/ST/STM32_USB_Host_Library/Core/Src/usbh_ctlreq.o
 .text.USBH_ParseEPDesc
                0x0800978a      0x1d0 ./Middlewares/ST/STM32_USB_Host_Library/Core/Src/usbh_ctlreq.o
 .text.USBH_ParseStringDesc
                0x0800995a       0x66 ./Middlewares/ST/STM32_USB_Host_Library/Core/Src/usbh_ctlreq.o
 .text.USBH_GetNextDesc
                0x080099c0       0x34 ./Middlewares/ST/STM32_USB_Host_Library/Core/Src/usbh_ctlreq.o
                0x080099c0                USBH_GetNextDesc
 .text.USBH_CtlReq
                0x080099f4       0x92 ./Middlewares/ST/STM32_USB_Host_Library/Core/Src/usbh_ctlreq.o
                0x080099f4                USBH_CtlReq
 *fill*         0x08009a86        0x2 
 .text.USBH_HandleControl
                0x08009a88      0x3a0 ./Middlewares/ST/STM32_USB_Host_Library/Core/Src/usbh_ctlreq.o
 .text.USBH_CtlSendSetup
                0x08009e28       0x34 ./Middlewares/ST/STM32_USB_Host_Library/Core/Src/usbh_ioreq.o
                0x08009e28                USBH_CtlSendSetup
 .text.USBH_CtlSendData
                0x08009e5c       0x4a ./Middlewares/ST/STM32_USB_Host_Library/Core/Src/usbh_ioreq.o
                0x08009e5c                USBH_CtlSendData
 .text.USBH_CtlReceiveData
                0x08009ea6       0x3c ./Middlewares/ST/STM32_USB_Host_Library/Core/Src/usbh_ioreq.o
                0x08009ea6                USBH_CtlReceiveData
 .text.USBH_BulkSendData
                0x08009ee2       0x4a ./Middlewares/ST/STM32_USB_Host_Library/Core/Src/usbh_ioreq.o
                0x08009ee2                USBH_BulkSendData
 .text.USBH_BulkReceiveData
                0x08009f2c       0x3c ./Middlewares/ST/STM32_USB_Host_Library/Core/Src/usbh_ioreq.o
                0x08009f2c                USBH_BulkReceiveData
 .text.USBH_OpenPipe
                0x08009f68       0x3e ./Middlewares/ST/STM32_USB_Host_Library/Core/Src/usbh_pipes.o
                0x08009f68                USBH_OpenPipe
 .text.USBH_ClosePipe
                0x08009fa6       0x20 ./Middlewares/ST/STM32_USB_Host_Library/Core/Src/usbh_pipes.o
                0x08009fa6                USBH_ClosePipe
 .text.USBH_AllocPipe
                0x08009fc6       0x42 ./Middlewares/ST/STM32_USB_Host_Library/Core/Src/usbh_pipes.o
                0x08009fc6                USBH_AllocPipe
 .text.USBH_FreePipe
                0x0800a008       0x3c ./Middlewares/ST/STM32_USB_Host_Library/Core/Src/usbh_pipes.o
                0x0800a008                USBH_FreePipe
 .text.USBH_GetFreePipe
                0x0800a044       0x48 ./Middlewares/ST/STM32_USB_Host_Library/Core/Src/usbh_pipes.o
 .text.SysTick_Handler
                0x0800a08c       0x20 ./Middlewares/Third_Party/FreeRTOS/Source/CMSIS_RTOS_V2/cmsis_os2.o
                0x0800a08c                SysTick_Handler
 .text.osThreadNew
                0x0800a0ac      0x124 ./Middlewares/Third_Party/FreeRTOS/Source/CMSIS_RTOS_V2/cmsis_os2.o
                0x0800a0ac                osThreadNew
 .text.osDelay  0x0800a1d0       0x36 ./Middlewares/Third_Party/FreeRTOS/Source/CMSIS_RTOS_V2/cmsis_os2.o
                0x0800a1d0                osDelay
 .text.osMessageQueueNew
                0x0800a206       0xe6 ./Middlewares/Third_Party/FreeRTOS/Source/CMSIS_RTOS_V2/cmsis_os2.o
                0x0800a206                osMessageQueueNew
 .text.osMessageQueuePut
                0x0800a2ec       0xc0 ./Middlewares/Third_Party/FreeRTOS/Source/CMSIS_RTOS_V2/cmsis_os2.o
                0x0800a2ec                osMessageQueuePut
 .text.osMessageQueueGet
                0x0800a3ac       0xbc ./Middlewares/Third_Party/FreeRTOS/Source/CMSIS_RTOS_V2/cmsis_os2.o
                0x0800a3ac                osMessageQueueGet
 .text.osMessageQueueGetSpace
                0x0800a468       0x6a ./Middlewares/Third_Party/FreeRTOS/Source/CMSIS_RTOS_V2/cmsis_os2.o
                0x0800a468                osMessageQueueGetSpace
 *fill*         0x0800a4d2        0x2 
 .text.vApplicationGetIdleTaskMemory
                0x0800a4d4       0x34 ./Middlewares/Third_Party/FreeRTOS/Source/CMSIS_RTOS_V2/cmsis_os2.o
                0x0800a4d4                vApplicationGetIdleTaskMemory
 .text.vApplicationGetTimerTaskMemory
                0x0800a508       0x34 ./Middlewares/Third_Party/FreeRTOS/Source/CMSIS_RTOS_V2/cmsis_os2.o
                0x0800a508                vApplicationGetTimerTaskMemory
 .text.vListInitialise
                0x0800a53c       0x40 ./Middlewares/Third_Party/FreeRTOS/Source/list.o
                0x0800a53c                vListInitialise
 .text.vListInitialiseItem
                0x0800a57c       0x1a ./Middlewares/Third_Party/FreeRTOS/Source/list.o
                0x0800a57c                vListInitialiseItem
 .text.vListInsertEnd
                0x0800a596       0x48 ./Middlewares/Third_Party/FreeRTOS/Source/list.o
                0x0800a596                vListInsertEnd
 .text.vListInsert
                0x0800a5de       0x72 ./Middlewares/Third_Party/FreeRTOS/Source/list.o
                0x0800a5de                vListInsert
 .text.uxListRemove
                0x0800a650       0x54 ./Middlewares/Third_Party/FreeRTOS/Source/list.o
                0x0800a650                uxListRemove
 .text.xQueueGenericReset
                0x0800a6a4       0xd4 ./Middlewares/Third_Party/FreeRTOS/Source/queue.o
                0x0800a6a4                xQueueGenericReset
 .text.xQueueGenericCreateStatic
                0x0800a778       0xfa ./Middlewares/Third_Party/FreeRTOS/Source/queue.o
                0x0800a778                xQueueGenericCreateStatic
 .text.xQueueGenericCreate
                0x0800a872       0x76 ./Middlewares/Third_Party/FreeRTOS/Source/queue.o
                0x0800a872                xQueueGenericCreate
 .text.prvInitialiseNewQueue
                0x0800a8e8       0x46 ./Middlewares/Third_Party/FreeRTOS/Source/queue.o
 *fill*         0x0800a92e        0x2 
 .text.xQueueGenericSend
                0x0800a930      0x204 ./Middlewares/Third_Party/FreeRTOS/Source/queue.o
                0x0800a930                xQueueGenericSend
 .text.xQueueGenericSendFromISR
                0x0800ab34      0x13c ./Middlewares/Third_Party/FreeRTOS/Source/queue.o
                0x0800ab34                xQueueGenericSendFromISR
 .text.xQueueReceive
                0x0800ac70      0x1c4 ./Middlewares/Third_Party/FreeRTOS/Source/queue.o
                0x0800ac70                xQueueReceive
 .text.xQueueReceiveFromISR
                0x0800ae34      0x104 ./Middlewares/Third_Party/FreeRTOS/Source/queue.o
                0x0800ae34                xQueueReceiveFromISR
 .text.uxQueueSpacesAvailable
                0x0800af38       0x48 ./Middlewares/Third_Party/FreeRTOS/Source/queue.o
                0x0800af38                uxQueueSpacesAvailable
 .text.prvCopyDataToQueue
                0x0800af80       0xd4 ./Middlewares/Third_Party/FreeRTOS/Source/queue.o
 .text.prvCopyDataFromQueue
                0x0800b054       0x4c ./Middlewares/Third_Party/FreeRTOS/Source/queue.o
 .text.prvUnlockQueue
                0x0800b0a0       0xa4 ./Middlewares/Third_Party/FreeRTOS/Source/queue.o
 .text.prvIsQueueEmpty
                0x0800b144       0x2c ./Middlewares/Third_Party/FreeRTOS/Source/queue.o
 .text.prvIsQueueFull
                0x0800b170       0x30 ./Middlewares/Third_Party/FreeRTOS/Source/queue.o
 .text.vQueueAddToRegistry
                0x0800b1a0       0x54 ./Middlewares/Third_Party/FreeRTOS/Source/queue.o
                0x0800b1a0                vQueueAddToRegistry
 .text.vQueueWaitForMessageRestricted
                0x0800b1f4       0x68 ./Middlewares/Third_Party/FreeRTOS/Source/queue.o
                0x0800b1f4                vQueueWaitForMessageRestricted
 .text.xTaskCreateStatic
                0x0800b25c       0xc0 ./Middlewares/Third_Party/FreeRTOS/Source/tasks.o
                0x0800b25c                xTaskCreateStatic
 .text.xTaskCreate
                0x0800b31c       0x8a ./Middlewares/Third_Party/FreeRTOS/Source/tasks.o
                0x0800b31c                xTaskCreate
 *fill*         0x0800b3a6        0x2 
 .text.prvInitialiseNewTask
                0x0800b3a8      0x15c ./Middlewares/Third_Party/FreeRTOS/Source/tasks.o
 .text.prvAddNewTaskToReadyList
                0x0800b504       0xe0 ./Middlewares/Third_Party/FreeRTOS/Source/tasks.o
 .text.vTaskDelay
                0x0800b5e4       0x6c ./Middlewares/Third_Party/FreeRTOS/Source/tasks.o
                0x0800b5e4                vTaskDelay
 .text.vTaskStartScheduler
                0x0800b650       0xe4 ./Middlewares/Third_Party/FreeRTOS/Source/tasks.o
                0x0800b650                vTaskStartScheduler
 .text.vTaskSuspendAll
                0x0800b734       0x1c ./Middlewares/Third_Party/FreeRTOS/Source/tasks.o
                0x0800b734                vTaskSuspendAll
 .text.xTaskResumeAll
                0x0800b750      0x13c ./Middlewares/Third_Party/FreeRTOS/Source/tasks.o
                0x0800b750                xTaskResumeAll
 .text.xTaskGetTickCount
                0x0800b88c       0x20 ./Middlewares/Third_Party/FreeRTOS/Source/tasks.o
                0x0800b88c                xTaskGetTickCount
 .text.xTaskIncrementTick
                0x0800b8ac      0x174 ./Middlewares/Third_Party/FreeRTOS/Source/tasks.o
                0x0800b8ac                xTaskIncrementTick
 .text.vTaskSwitchContext
                0x0800ba20      0x100 ./Middlewares/Third_Party/FreeRTOS/Source/tasks.o
                0x0800ba20                vTaskSwitchContext
 .text.vTaskPlaceOnEventList
                0x0800bb20       0x4c ./Middlewares/Third_Party/FreeRTOS/Source/tasks.o
                0x0800bb20                vTaskPlaceOnEventList
 .text.vTaskPlaceOnEventListRestricted
                0x0800bb6c       0x58 ./Middlewares/Third_Party/FreeRTOS/Source/tasks.o
                0x0800bb6c                vTaskPlaceOnEventListRestricted
 .text.xTaskRemoveFromEventList
                0x0800bbc4       0xc8 ./Middlewares/Third_Party/FreeRTOS/Source/tasks.o
                0x0800bbc4                xTaskRemoveFromEventList
 .text.vTaskInternalSetTimeOutState
                0x0800bc8c       0x2c ./Middlewares/Third_Party/FreeRTOS/Source/tasks.o
                0x0800bc8c                vTaskInternalSetTimeOutState
 .text.xTaskCheckForTimeOut
                0x0800bcb8       0xc8 ./Middlewares/Third_Party/FreeRTOS/Source/tasks.o
                0x0800bcb8                xTaskCheckForTimeOut
 .text.vTaskMissedYield
                0x0800bd80       0x18 ./Middlewares/Third_Party/FreeRTOS/Source/tasks.o
                0x0800bd80                vTaskMissedYield
 .text.prvIdleTask
                0x0800bd98       0x30 ./Middlewares/Third_Party/FreeRTOS/Source/tasks.o
 .text.prvInitialiseTaskLists
                0x0800bdc8       0x80 ./Middlewares/Third_Party/FreeRTOS/Source/tasks.o
 .text.prvCheckTasksWaitingTermination
                0x0800be48       0x5c ./Middlewares/Third_Party/FreeRTOS/Source/tasks.o
 .text.prvDeleteTCB
                0x0800bea4       0x6a ./Middlewares/Third_Party/FreeRTOS/Source/tasks.o
 *fill*         0x0800bf0e        0x2 
 .text.prvResetNextTaskUnblockTime
                0x0800bf10       0x40 ./Middlewares/Third_Party/FreeRTOS/Source/tasks.o
 .text.xTaskGetSchedulerState
                0x0800bf50       0x3c ./Middlewares/Third_Party/FreeRTOS/Source/tasks.o
                0x0800bf50                xTaskGetSchedulerState
 .text.xTaskPriorityDisinherit
                0x0800bf8c       0xe0 ./Middlewares/Third_Party/FreeRTOS/Source/tasks.o
                0x0800bf8c                xTaskPriorityDisinherit
 .text.xTaskNotifyWait
                0x0800c06c       0xc0 ./Middlewares/Third_Party/FreeRTOS/Source/tasks.o
                0x0800c06c                xTaskNotifyWait
 .text.xTaskGenericNotify
                0x0800c12c      0x184 ./Middlewares/Third_Party/FreeRTOS/Source/tasks.o
                0x0800c12c                xTaskGenericNotify
 .text.prvAddCurrentTaskToDelayedList
                0x0800c2b0       0xa8 ./Middlewares/Third_Party/FreeRTOS/Source/tasks.o
 .text.xTimerCreateTimerTask
                0x0800c358       0x94 ./Middlewares/Third_Party/FreeRTOS/Source/timers.o
                0x0800c358                xTimerCreateTimerTask
 .text.xTimerGenericCommand
                0x0800c3ec       0x9c ./Middlewares/Third_Party/FreeRTOS/Source/timers.o
                0x0800c3ec                xTimerGenericCommand
 .text.prvProcessExpiredTimer
                0x0800c488       0x9c ./Middlewares/Third_Party/FreeRTOS/Source/timers.o
 .text.prvTimerTask
                0x0800c524       0x26 ./Middlewares/Third_Party/FreeRTOS/Source/timers.o
 *fill*         0x0800c54a        0x2 
 .text.prvProcessTimerOrBlockTask
                0x0800c54c       0x9c ./Middlewares/Third_Party/FreeRTOS/Source/timers.o
 .text.prvGetNextExpireTime
                0x0800c5e8       0x48 ./Middlewares/Third_Party/FreeRTOS/Source/timers.o
 .text.prvSampleTimeNow
                0x0800c630       0x40 ./Middlewares/Third_Party/FreeRTOS/Source/timers.o
 .text.prvInsertTimerInActiveList
                0x0800c670       0x84 ./Middlewares/Third_Party/FreeRTOS/Source/timers.o
 .text.prvProcessReceivedCommands
                0x0800c6f4      0x1cc ./Middlewares/Third_Party/FreeRTOS/Source/timers.o
 .text.prvSwitchTimerLists
                0x0800c8c0       0xcc ./Middlewares/Third_Party/FreeRTOS/Source/timers.o
 .text.prvCheckForValidListAndQueue
                0x0800c98c       0x80 ./Middlewares/Third_Party/FreeRTOS/Source/timers.o
 .text.pxPortInitialiseStack
                0x0800ca0c       0x68 ./Middlewares/Third_Party/FreeRTOS/Source/portable/GCC/ARM_CM4F/port.o
                0x0800ca0c                pxPortInitialiseStack
 .text.prvTaskExitError
                0x0800ca74       0x5c ./Middlewares/Third_Party/FreeRTOS/Source/portable/GCC/ARM_CM4F/port.o
 .text.SVC_Handler
                0x0800cad0       0x28 ./Middlewares/Third_Party/FreeRTOS/Source/portable/GCC/ARM_CM4F/port.o
                0x0800cad0                SVC_Handler
 .text.prvPortStartFirstTask
                0x0800caf8       0x28 ./Middlewares/Third_Party/FreeRTOS/Source/portable/GCC/ARM_CM4F/port.o
 .text.xPortStartScheduler
                0x0800cb20      0x148 ./Middlewares/Third_Party/FreeRTOS/Source/portable/GCC/ARM_CM4F/port.o
                0x0800cb20                xPortStartScheduler
 .text.vPortEnterCritical
                0x0800cc68       0x64 ./Middlewares/Third_Party/FreeRTOS/Source/portable/GCC/ARM_CM4F/port.o
                0x0800cc68                vPortEnterCritical
 .text.vPortExitCritical
                0x0800cccc       0x54 ./Middlewares/Third_Party/FreeRTOS/Source/portable/GCC/ARM_CM4F/port.o
                0x0800cccc                vPortExitCritical
 .text.PendSV_Handler
                0x0800cd20       0x68 ./Middlewares/Third_Party/FreeRTOS/Source/portable/GCC/ARM_CM4F/port.o
                0x0800cd20                PendSV_Handler
 .text.xPortSysTickHandler
                0x0800cd88       0x44 ./Middlewares/Third_Party/FreeRTOS/Source/portable/GCC/ARM_CM4F/port.o
                0x0800cd88                xPortSysTickHandler
 .text.vPortSetupTimerInterrupt
                0x0800cdcc       0x48 ./Middlewares/Third_Party/FreeRTOS/Source/portable/GCC/ARM_CM4F/port.o
                0x0800cdcc                vPortSetupTimerInterrupt
 .text.vPortEnableVFP
                0x0800ce14       0x14 ./Middlewares/Third_Party/FreeRTOS/Source/portable/GCC/ARM_CM4F/port.o
 .text.vPortValidateInterruptPriority
                0x0800ce28       0x84 ./Middlewares/Third_Party/FreeRTOS/Source/portable/GCC/ARM_CM4F/port.o
                0x0800ce28                vPortValidateInterruptPriority
 .text.pvPortMalloc
                0x0800ceac      0x19c ./Middlewares/Third_Party/FreeRTOS/Source/portable/MemMang/heap_4.o
                0x0800ceac                pvPortMalloc
 .text.vPortFree
                0x0800d048       0xc8 ./Middlewares/Third_Party/FreeRTOS/Source/portable/MemMang/heap_4.o
                0x0800d048                vPortFree
 .text.prvHeapInit
                0x0800d110       0xc4 ./Middlewares/Third_Party/FreeRTOS/Source/portable/MemMang/heap_4.o
 .text.prvInsertBlockIntoFreeList
                0x0800d1d4       0xb4 ./Middlewares/Third_Party/FreeRTOS/Source/portable/MemMang/heap_4.o
 .text.MX_USB_HOST_Init
                0x0800d288       0x4c ./USB_HOST/App/usb_host.o
                0x0800d288                MX_USB_HOST_Init
 .text.USBH_UserProcess
                0x0800d2d4       0x5c ./USB_HOST/App/usb_host.o
 .text.HAL_HCD_MspInit
                0x0800d330       0xc4 ./USB_HOST/Target/usbh_conf.o
                0x0800d330                HAL_HCD_MspInit
 .text.HAL_HCD_SOF_Callback
                0x0800d3f4       0x1c ./USB_HOST/Target/usbh_conf.o
                0x0800d3f4                HAL_HCD_SOF_Callback
 .text.HAL_HCD_Connect_Callback
                0x0800d410       0x1c ./USB_HOST/Target/usbh_conf.o
                0x0800d410                HAL_HCD_Connect_Callback
 .text.HAL_HCD_Disconnect_Callback
                0x0800d42c       0x1c ./USB_HOST/Target/usbh_conf.o
                0x0800d42c                HAL_HCD_Disconnect_Callback
 .text.HAL_HCD_HC_NotifyURBChange_Callback
                0x0800d448       0x24 ./USB_HOST/Target/usbh_conf.o
                0x0800d448                HAL_HCD_HC_NotifyURBChange_Callback
 .text.HAL_HCD_PortEnabled_Callback
                0x0800d46c       0x1c ./USB_HOST/Target/usbh_conf.o
                0x0800d46c                HAL_HCD_PortEnabled_Callback
 .text.HAL_HCD_PortDisabled_Callback
                0x0800d488       0x1c ./USB_HOST/Target/usbh_conf.o
                0x0800d488                HAL_HCD_PortDisabled_Callback
 .text.USBH_LL_Init
                0x0800d4a4       0x78 ./USB_HOST/Target/usbh_conf.o
                0x0800d4a4                USBH_LL_Init
 .text.USBH_LL_Start
                0x0800d51c       0x36 ./USB_HOST/Target/usbh_conf.o
                0x0800d51c                USBH_LL_Start
 .text.USBH_LL_Stop
                0x0800d552       0x36 ./USB_HOST/Target/usbh_conf.o
                0x0800d552                USBH_LL_Stop
 .text.USBH_LL_GetSpeed
                0x0800d588       0x4e ./USB_HOST/Target/usbh_conf.o
                0x0800d588                USBH_LL_GetSpeed
 .text.USBH_LL_ResetPort
                0x0800d5d6       0x36 ./USB_HOST/Target/usbh_conf.o
                0x0800d5d6                USBH_LL_ResetPort
 .text.USBH_LL_GetLastXferSize
                0x0800d60c       0x26 ./USB_HOST/Target/usbh_conf.o
                0x0800d60c                USBH_LL_GetLastXferSize
 .text.USBH_LL_OpenPipe
                0x0800d632       0x5e ./USB_HOST/Target/usbh_conf.o
                0x0800d632                USBH_LL_OpenPipe
 .text.USBH_LL_ClosePipe
                0x0800d690       0x1a ./USB_HOST/Target/usbh_conf.o
                0x0800d690                USBH_LL_ClosePipe
 .text.USBH_LL_SubmitURB
                0x0800d6aa       0x62 ./USB_HOST/Target/usbh_conf.o
                0x0800d6aa                USBH_LL_SubmitURB
 .text.USBH_LL_GetURBState
                0x0800d70c       0x26 ./USB_HOST/Target/usbh_conf.o
                0x0800d70c                USBH_LL_GetURBState
 .text.USBH_LL_DriverVBUS
                0x0800d732       0x2e ./USB_HOST/Target/usbh_conf.o
                0x0800d732                USBH_LL_DriverVBUS
 .text.USBH_LL_SetToggle
                0x0800d760       0x66 ./USB_HOST/Target/usbh_conf.o
                0x0800d760                USBH_LL_SetToggle
 .text.USBH_Delay
                0x0800d7c6       0x16 ./USB_HOST/Target/usbh_conf.o
                0x0800d7c6                USBH_Delay
 .text.USBH_Get_USB_Status
                0x0800d7dc       0x58 ./USB_HOST/Target/usbh_conf.o
                0x0800d7dc                USBH_Get_USB_Status
 .text.MX_DriverVbusFS
                0x0800d834       0x38 ./USB_HOST/Target/usbh_platform.o
                0x0800d834                MX_DriverVbusFS
 .text.malloc   0x0800d86c       0x10 C:/ST/STM32CubeIDE_1.19.0/STM32CubeIDE/plugins/com.st.stm32cube.ide.mcu.externaltools.gnu-tools-for-stm32.13.3.rel1.win32_1.0.0.202411081344/tools/bin/../lib/gcc/arm-none-eabi/13.3.1/../../../../arm-none-eabi/lib/thumb/v7e-m+fp/hard\libc_nano.a(libc_a-malloc.o)
                0x0800d86c                malloc
 .text.free     0x0800d87c       0x10 C:/ST/STM32CubeIDE_1.19.0/STM32CubeIDE/plugins/com.st.stm32cube.ide.mcu.externaltools.gnu-tools-for-stm32.13.3.rel1.win32_1.0.0.202411081344/tools/bin/../lib/gcc/arm-none-eabi/13.3.1/../../../../arm-none-eabi/lib/thumb/v7e-m+fp/hard\libc_nano.a(libc_a-malloc.o)
                0x0800d87c                free
 .text.sbrk_aligned
                0x0800d88c       0x44 C:/ST/STM32CubeIDE_1.19.0/STM32CubeIDE/plugins/com.st.stm32cube.ide.mcu.externaltools.gnu-tools-for-stm32.13.3.rel1.win32_1.0.0.202411081344/tools/bin/../lib/gcc/arm-none-eabi/13.3.1/../../../../arm-none-eabi/lib/thumb/v7e-m+fp/hard\libc_nano.a(libc_a-mallocr.o)
 .text._malloc_r
                0x0800d8d0      0x100 C:/ST/STM32CubeIDE_1.19.0/STM32CubeIDE/plugins/com.st.stm32cube.ide.mcu.externaltools.gnu-tools-for-stm32.13.3.rel1.win32_1.0.0.202411081344/tools/bin/../lib/gcc/arm-none-eabi/13.3.1/../../../../arm-none-eabi/lib/thumb/v7e-m+fp/hard\libc_nano.a(libc_a-mallocr.o)
                0x0800d8d0                _malloc_r
 .text.__malloc_lock
                0x0800d9d0        0xc C:/ST/STM32CubeIDE_1.19.0/STM32CubeIDE/plugins/com.st.stm32cube.ide.mcu.externaltools.gnu-tools-for-stm32.13.3.rel1.win32_1.0.0.202411081344/tools/bin/../lib/gcc/arm-none-eabi/13.3.1/../../../../arm-none-eabi/lib/thumb/v7e-m+fp/hard\libc_nano.a(libc_a-mlock.o)
                0x0800d9d0                __malloc_lock
 .text.__malloc_unlock
                0x0800d9dc        0xc C:/ST/STM32CubeIDE_1.19.0/STM32CubeIDE/plugins/com.st.stm32cube.ide.mcu.externaltools.gnu-tools-for-stm32.13.3.rel1.win32_1.0.0.202411081344/tools/bin/../lib/gcc/arm-none-eabi/13.3.1/../../../../arm-none-eabi/lib/thumb/v7e-m+fp/hard\libc_nano.a(libc_a-mlock.o)
                0x0800d9dc                __malloc_unlock
 .text.memset   0x0800d9e8       0x10 C:/ST/STM32CubeIDE_1.19.0/STM32CubeIDE/plugins/com.st.stm32cube.ide.mcu.externaltools.gnu-tools-for-stm32.13.3.rel1.win32_1.0.0.202411081344/tools/bin/../lib/gcc/arm-none-eabi/13.3.1/../../../../arm-none-eabi/lib/thumb/v7e-m+fp/hard\libc_nano.a(libc_a-memset.o)
                0x0800d9e8                memset
 .text.strchr   0x0800d9f8       0x1a C:/ST/STM32CubeIDE_1.19.0/STM32CubeIDE/plugins/com.st.stm32cube.ide.mcu.externaltools.gnu-tools-for-stm32.13.3.rel1.win32_1.0.0.202411081344/tools/bin/../lib/gcc/arm-none-eabi/13.3.1/../../../../arm-none-eabi/lib/thumb/v7e-m+fp/hard\libc_nano.a(libc_a-strchr.o)
                0x0800d9f8                strchr
 .text.strstr   0x0800da12       0x2c C:/ST/STM32CubeIDE_1.19.0/STM32CubeIDE/plugins/com.st.stm32cube.ide.mcu.externaltools.gnu-tools-for-stm32.13.3.rel1.win32_1.0.0.202411081344/tools/bin/../lib/gcc/arm-none-eabi/13.3.1/../../../../arm-none-eabi/lib/thumb/v7e-m+fp/hard\libc_nano.a(libc_a-strstr.o)
                0x0800da12                strstr
 *fill*         0x0800da3e        0x2 
 .text._reclaim_reent
                0x0800da40       0xbc C:/ST/STM32CubeIDE_1.19.0/STM32CubeIDE/plugins/com.st.stm32cube.ide.mcu.externaltools.gnu-tools-for-stm32.13.3.rel1.win32_1.0.0.202411081344/tools/bin/../lib/gcc/arm-none-eabi/13.3.1/../../../../arm-none-eabi/lib/thumb/v7e-m+fp/hard\libc_nano.a(libc_a-reent.o)
                0x0800da40                _reclaim_reent
 .text._sbrk_r  0x0800dafc       0x20 C:/ST/STM32CubeIDE_1.19.0/STM32CubeIDE/plugins/com.st.stm32cube.ide.mcu.externaltools.gnu-tools-for-stm32.13.3.rel1.win32_1.0.0.202411081344/tools/bin/../lib/gcc/arm-none-eabi/13.3.1/../../../../arm-none-eabi/lib/thumb/v7e-m+fp/hard\libc_nano.a(libc_a-sbrkr.o)
                0x0800dafc                _sbrk_r
 .text.__errno  0x0800db1c        0xc C:/ST/STM32CubeIDE_1.19.0/STM32CubeIDE/plugins/com.st.stm32cube.ide.mcu.externaltools.gnu-tools-for-stm32.13.3.rel1.win32_1.0.0.202411081344/tools/bin/../lib/gcc/arm-none-eabi/13.3.1/../../../../arm-none-eabi/lib/thumb/v7e-m+fp/hard\libc_nano.a(libc_a-errno.o)
                0x0800db1c                __errno
 .text.__libc_init_array
                0x0800db28       0x48 C:/ST/STM32CubeIDE_1.19.0/STM32CubeIDE/plugins/com.st.stm32cube.ide.mcu.externaltools.gnu-tools-for-stm32.13.3.rel1.win32_1.0.0.202411081344/tools/bin/../lib/gcc/arm-none-eabi/13.3.1/../../../../arm-none-eabi/lib/thumb/v7e-m+fp/hard\libc_nano.a(libc_a-init.o)
                0x0800db28                __libc_init_array
 .text.__retarget_lock_acquire_recursive
                0x0800db70        0x2 C:/ST/STM32CubeIDE_1.19.0/STM32CubeIDE/plugins/com.st.stm32cube.ide.mcu.externaltools.gnu-tools-for-stm32.13.3.rel1.win32_1.0.0.202411081344/tools/bin/../lib/gcc/arm-none-eabi/13.3.1/../../../../arm-none-eabi/lib/thumb/v7e-m+fp/hard\libc_nano.a(libc_a-lock.o)
                0x0800db70                __retarget_lock_acquire_recursive
 .text.__retarget_lock_release_recursive
                0x0800db72        0x2 C:/ST/STM32CubeIDE_1.19.0/STM32CubeIDE/plugins/com.st.stm32cube.ide.mcu.externaltools.gnu-tools-for-stm32.13.3.rel1.win32_1.0.0.202411081344/tools/bin/../lib/gcc/arm-none-eabi/13.3.1/../../../../arm-none-eabi/lib/thumb/v7e-m+fp/hard\libc_nano.a(libc_a-lock.o)
                0x0800db72                __retarget_lock_release_recursive
 .text.memcpy   0x0800db74       0x1c C:/ST/STM32CubeIDE_1.19.0/STM32CubeIDE/plugins/com.st.stm32cube.ide.mcu.externaltools.gnu-tools-for-stm32.13.3.rel1.win32_1.0.0.202411081344/tools/bin/../lib/gcc/arm-none-eabi/13.3.1/../../../../arm-none-eabi/lib/thumb/v7e-m+fp/hard\libc_nano.a(libc_a-memcpy-stub.o)
                0x0800db74                memcpy
 .text._free_r  0x0800db90       0x94 C:/ST/STM32CubeIDE_1.19.0/STM32CubeIDE/plugins/com.st.stm32cube.ide.mcu.externaltools.gnu-tools-for-stm32.13.3.rel1.win32_1.0.0.202411081344/tools/bin/../lib/gcc/arm-none-eabi/13.3.1/../../../../arm-none-eabi/lib/thumb/v7e-m+fp/hard\libc_nano.a(libc_a-freer.o)
                0x0800db90                _free_r
 *(.glue_7)
 .glue_7        0x0800dc24        0x0 linker stubs
 *(.glue_7t)
 .glue_7t       0x0800dc24        0x0 linker stubs
 *(.eh_frame)
 .eh_frame      0x0800dc24        0x0 C:/ST/STM32CubeIDE_1.19.0/STM32CubeIDE/plugins/com.st.stm32cube.ide.mcu.externaltools.gnu-tools-for-stm32.13.3.rel1.win32_1.0.0.202411081344/tools/bin/../lib/gcc/arm-none-eabi/13.3.1/thumb/v7e-m+fp/hard/crtbegin.o
 *(.init)
 .init          0x0800dc24        0x4 C:/ST/STM32CubeIDE_1.19.0/STM32CubeIDE/plugins/com.st.stm32cube.ide.mcu.externaltools.gnu-tools-for-stm32.13.3.rel1.win32_1.0.0.202411081344/tools/bin/../lib/gcc/arm-none-eabi/13.3.1/thumb/v7e-m+fp/hard/crti.o
                0x0800dc24                _init
 .init          0x0800dc28        0x8 C:/ST/STM32CubeIDE_1.19.0/STM32CubeIDE/plugins/com.st.stm32cube.ide.mcu.externaltools.gnu-tools-for-stm32.13.3.rel1.win32_1.0.0.202411081344/tools/bin/../lib/gcc/arm-none-eabi/13.3.1/thumb/v7e-m+fp/hard/crtn.o
 *(.fini)
 .fini          0x0800dc30        0x4 C:/ST/STM32CubeIDE_1.19.0/STM32CubeIDE/plugins/com.st.stm32cube.ide.mcu.externaltools.gnu-tools-for-stm32.13.3.rel1.win32_1.0.0.202411081344/tools/bin/../lib/gcc/arm-none-eabi/13.3.1/thumb/v7e-m+fp/hard/crti.o
                0x0800dc30                _fini
 .fini          0x0800dc34        0x8 C:/ST/STM32CubeIDE_1.19.0/STM32CubeIDE/plugins/com.st.stm32cube.ide.mcu.externaltools.gnu-tools-for-stm32.13.3.rel1.win32_1.0.0.202411081344/tools/bin/../lib/gcc/arm-none-eabi/13.3.1/thumb/v7e-m+fp/hard/crtn.o
                0x0800dc3c                        . = ALIGN (0x4)
                0x0800dc3c                        _etext = .

.vfp11_veneer   0x0800dc3c        0x0
 .vfp11_veneer  0x0800dc3c        0x0 linker stubs

.v4_bx          0x0800dc3c        0x0
 .v4_bx         0x0800dc3c        0x0 linker stubs

.iplt           0x0800dc3c        0x0
 .iplt          0x0800dc3c        0x0 C:/ST/STM32CubeIDE_1.19.0/STM32CubeIDE/plugins/com.st.stm32cube.ide.mcu.externaltools.gnu-tools-for-stm32.13.3.rel1.win32_1.0.0.202411081344/tools/bin/../lib/gcc/arm-none-eabi/13.3.1/thumb/v7e-m+fp/hard/crtbegin.o

.rodata         0x0800dc3c      0x1f4
                0x0800dc3c                        . = ALIGN (0x4)
 *(.rodata)
 .rodata        0x0800dc3c       0x62 ./Core/Src/main.o
 *fill*         0x0800dc9e        0x2 
 .rodata        0x0800dca0        0x4 ./Middlewares/ST/STM32_USB_Host_Library/Class/CDC/Src/usbh_cdc.o
 .rodata        0x0800dca4        0xb ./Middlewares/ST/STM32_USB_Host_Library/Core/Src/usbh_core.o
 *fill*         0x0800dcaf        0x1 
 .rodata        0x0800dcb0       0x30 ./Middlewares/Third_Party/FreeRTOS/Source/tasks.o
 .rodata        0x0800dce0        0xd ./Middlewares/Third_Party/FreeRTOS/Source/timers.o
 *(.rodata*)
 *fill*         0x0800dced        0x3 
 .rodata.defaultTask_attributes
                0x0800dcf0       0x24 ./Core/Src/main.o
                0x0800dcf0                defaultTask_attributes
 .rodata.AHBPrescTable
                0x0800dd14       0x10 ./Core/Src/system_stm32f4xx.o
                0x0800dd14                AHBPrescTable
 .rodata.APBPrescTable
                0x0800dd24        0x8 ./Core/Src/system_stm32f4xx.o
                0x0800dd24                APBPrescTable
 .rodata._ctype_
                0x0800dd2c      0x101 C:/ST/STM32CubeIDE_1.19.0/STM32CubeIDE/plugins/com.st.stm32cube.ide.mcu.externaltools.gnu-tools-for-stm32.13.3.rel1.win32_1.0.0.202411081344/tools/bin/../lib/gcc/arm-none-eabi/13.3.1/../../../../arm-none-eabi/lib/thumb/v7e-m+fp/hard\libc_nano.a(libc_a-ctype_.o)
                0x0800dd2c                _ctype_
                0x0800de30                        . = ALIGN (0x4)
 *fill*         0x0800de2d        0x3 

.ARM.extab      0x0800de30        0x0
                0x0800de30                        . = ALIGN (0x4)
 *(.ARM.extab* .gnu.linkonce.armextab.*)
                0x0800de30                        . = ALIGN (0x4)

.ARM            0x0800de30        0x8
                0x0800de30                        . = ALIGN (0x4)
                0x0800de30                        __exidx_start = .
 *(.ARM.exidx*)
 .ARM.exidx     0x0800de30        0x8 C:/ST/STM32CubeIDE_1.19.0/STM32CubeIDE/plugins/com.st.stm32cube.ide.mcu.externaltools.gnu-tools-for-stm32.13.3.rel1.win32_1.0.0.202411081344/tools/bin/../lib/gcc/arm-none-eabi/13.3.1/thumb/v7e-m+fp/hard\libgcc.a(_udivmoddi4.o)
                0x0800de38                        __exidx_end = .
                0x0800de38                        . = ALIGN (0x4)

.preinit_array  0x0800de38        0x0
                0x0800de38                        . = ALIGN (0x4)
                0x0800de38                        PROVIDE (__preinit_array_start = .)
 *(.preinit_array*)
                0x0800de38                        PROVIDE (__preinit_array_end = .)
                0x0800de38                        . = ALIGN (0x4)

.init_array     0x0800de38        0x4
                0x0800de38                        . = ALIGN (0x4)
                0x0800de38                        PROVIDE (__init_array_start = .)
 *(SORT_BY_NAME(.init_array.*))
 *(.init_array*)
 .init_array    0x0800de38        0x4 C:/ST/STM32CubeIDE_1.19.0/STM32CubeIDE/plugins/com.st.stm32cube.ide.mcu.externaltools.gnu-tools-for-stm32.13.3.rel1.win32_1.0.0.202411081344/tools/bin/../lib/gcc/arm-none-eabi/13.3.1/thumb/v7e-m+fp/hard/crtbegin.o
                0x0800de3c                        PROVIDE (__init_array_end = .)
                0x0800de3c                        . = ALIGN (0x4)

.fini_array     0x0800de3c        0x4
                0x0800de3c                        . = ALIGN (0x4)
                [!provide]                        PROVIDE (__fini_array_start = .)
 *(SORT_BY_NAME(.fini_array.*))
 *(.fini_array*)
 .fini_array    0x0800de3c        0x4 C:/ST/STM32CubeIDE_1.19.0/STM32CubeIDE/plugins/com.st.stm32cube.ide.mcu.externaltools.gnu-tools-for-stm32.13.3.rel1.win32_1.0.0.202411081344/tools/bin/../lib/gcc/arm-none-eabi/13.3.1/thumb/v7e-m+fp/hard/crtbegin.o
                [!provide]                        PROVIDE (__fini_array_end = .)
                0x0800de40                        . = ALIGN (0x4)
                0x0800de40                        _sidata = LOADADDR (.data)

.rel.dyn        0x0800de40        0x0
 .rel.iplt      0x0800de40        0x0 C:/ST/STM32CubeIDE_1.19.0/STM32CubeIDE/plugins/com.st.stm32cube.ide.mcu.externaltools.gnu-tools-for-stm32.13.3.rel1.win32_1.0.0.202411081344/tools/bin/../lib/gcc/arm-none-eabi/13.3.1/thumb/v7e-m+fp/hard/crtbegin.o

.data           0x20000000       0x80 load address 0x0800de40
                0x20000000                        . = ALIGN (0x4)
                0x20000000                        _sdata = .
 *(.data)
 *(.data*)
 .data.SystemCoreClock
                0x20000000        0x4 ./Core/Src/system_stm32f4xx.o
                0x20000000                SystemCoreClock
 .data.uwTickPrio
                0x20000004        0x4 ./Drivers/STM32F4xx_HAL_Driver/Src/stm32f4xx_hal.o
                0x20000004                uwTickPrio
 .data.uwTickFreq
                0x20000008        0x1 ./Drivers/STM32F4xx_HAL_Driver/Src/stm32f4xx_hal.o
                0x20000008                uwTickFreq
 *fill*         0x20000009        0x3 
 .data.CDC_Class
                0x2000000c       0x20 ./Middlewares/ST/STM32_USB_Host_Library/Class/CDC/Src/usbh_cdc.o
                0x2000000c                CDC_Class
 .data.uxCriticalNesting
                0x2000002c        0x4 ./Middlewares/Third_Party/FreeRTOS/Source/portable/GCC/ARM_CM4F/port.o
 .data._impure_ptr
                0x20000030        0x4 C:/ST/STM32CubeIDE_1.19.0/STM32CubeIDE/plugins/com.st.stm32cube.ide.mcu.externaltools.gnu-tools-for-stm32.13.3.rel1.win32_1.0.0.202411081344/tools/bin/../lib/gcc/arm-none-eabi/13.3.1/../../../../arm-none-eabi/lib/thumb/v7e-m+fp/hard\libc_nano.a(libc_a-impure.o)
                0x20000030                _impure_ptr
 .data._impure_data
                0x20000034       0x4c C:/ST/STM32CubeIDE_1.19.0/STM32CubeIDE/plugins/com.st.stm32cube.ide.mcu.externaltools.gnu-tools-for-stm32.13.3.rel1.win32_1.0.0.202411081344/tools/bin/../lib/gcc/arm-none-eabi/13.3.1/../../../../arm-none-eabi/lib/thumb/v7e-m+fp/hard\libc_nano.a(libc_a-impure.o)
                0x20000034                _impure_data
 *(.RamFunc)
 *(.RamFunc*)
                0x20000080                        . = ALIGN (0x4)
                0x20000080                        _edata = .

.igot.plt       0x20000080        0x0 load address 0x0800dec0
 .igot.plt      0x20000080        0x0 C:/ST/STM32CubeIDE_1.19.0/STM32CubeIDE/plugins/com.st.stm32cube.ide.mcu.externaltools.gnu-tools-for-stm32.13.3.rel1.win32_1.0.0.202411081344/tools/bin/../lib/gcc/arm-none-eabi/13.3.1/thumb/v7e-m+fp/hard/crtbegin.o
                0x20000080                        . = ALIGN (0x4)

.bss            0x20000080     0x5534 load address 0x0800dec0
                0x20000080                        _sbss = .
                0x20000080                        __bss_start__ = _sbss
 *(.bss)
 .bss           0x20000080       0x1c C:/ST/STM32CubeIDE_1.19.0/STM32CubeIDE/plugins/com.st.stm32cube.ide.mcu.externaltools.gnu-tools-for-stm32.13.3.rel1.win32_1.0.0.202411081344/tools/bin/../lib/gcc/arm-none-eabi/13.3.1/thumb/v7e-m+fp/hard/crtbegin.o
 *(.bss*)
 .bss.hi2c1     0x2000009c       0x54 ./Core/Src/main.o
                0x2000009c                hi2c1
 .bss.hi2s2     0x200000f0       0x48 ./Core/Src/main.o
                0x200000f0                hi2s2
 .bss.hi2s3     0x20000138       0x48 ./Core/Src/main.o
                0x20000138                hi2s3
 .bss.hspi1     0x20000180       0x58 ./Core/Src/main.o
                0x20000180                hspi1
 .bss.huart2    0x200001d8       0x48 ./Core/Src/main.o
                0x200001d8                huart2
 .bss.defaultTaskHandle
                0x20000220        0x4 ./Core/Src/main.o
                0x20000220                defaultTaskHandle
 .bss.xStateQueue
                0x20000224        0x4 ./Core/Src/main.o
 .bss.xRxByteQueue
                0x20000228        0x4 ./Core/Src/main.o
 .bss.xAudioTaskHandle
                0x2000022c        0x4 ./Core/Src/main.o
 .bss.rxByte    0x20000230        0x1 ./Core/Src/main.o
 *fill*         0x20000231        0x3 
 .bss.htim4     0x20000234       0x48 ./Core/Src/stm32f4xx_hal_timebase_tim.o
                0x20000234                htim4
 .bss.__sbrk_heap_end
                0x2000027c        0x4 ./Core/Src/sysmem.o
 .bss.uwTick    0x20000280        0x4 ./Drivers/STM32F4xx_HAL_Driver/Src/stm32f4xx_hal.o
                0x20000280                uwTick
 .bss.USBH_Thread_Atrr
                0x20000284       0x24 ./Middlewares/ST/STM32_USB_Host_Library/Core/Src/usbh_core.o
                0x20000284                USBH_Thread_Atrr
 .bss.Idle_TCB.3
                0x200002a8       0xb0 ./Middlewares/Third_Party/FreeRTOS/Source/CMSIS_RTOS_V2/cmsis_os2.o
 .bss.Idle_Stack.2
                0x20000358      0x200 ./Middlewares/Third_Party/FreeRTOS/Source/CMSIS_RTOS_V2/cmsis_os2.o
 .bss.Timer_TCB.1
                0x20000558       0xb0 ./Middlewares/Third_Party/FreeRTOS/Source/CMSIS_RTOS_V2/cmsis_os2.o
 .bss.Timer_Stack.0
                0x20000608      0x400 ./Middlewares/Third_Party/FreeRTOS/Source/CMSIS_RTOS_V2/cmsis_os2.o
 .bss.xQueueRegistry
                0x20000a08       0x40 ./Middlewares/Third_Party/FreeRTOS/Source/queue.o
                0x20000a08                xQueueRegistry
 .bss.pxCurrentTCB
                0x20000a48        0x4 ./Middlewares/Third_Party/FreeRTOS/Source/tasks.o
                0x20000a48                pxCurrentTCB
 .bss.pxReadyTasksLists
                0x20000a4c      0x460 ./Middlewares/Third_Party/FreeRTOS/Source/tasks.o
 .bss.xDelayedTaskList1
                0x20000eac       0x14 ./Middlewares/Third_Party/FreeRTOS/Source/tasks.o
 .bss.xDelayedTaskList2
                0x20000ec0       0x14 ./Middlewares/Third_Party/FreeRTOS/Source/tasks.o
 .bss.pxDelayedTaskList
                0x20000ed4        0x4 ./Middlewares/Third_Party/FreeRTOS/Source/tasks.o
 .bss.pxOverflowDelayedTaskList
                0x20000ed8        0x4 ./Middlewares/Third_Party/FreeRTOS/Source/tasks.o
 .bss.xPendingReadyList
                0x20000edc       0x14 ./Middlewares/Third_Party/FreeRTOS/Source/tasks.o
 .bss.xTasksWaitingTermination
                0x20000ef0       0x14 ./Middlewares/Third_Party/FreeRTOS/Source/tasks.o
 .bss.uxDeletedTasksWaitingCleanUp
                0x20000f04        0x4 ./Middlewares/Third_Party/FreeRTOS/Source/tasks.o
 .bss.xSuspendedTaskList
                0x20000f08       0x14 ./Middlewares/Third_Party/FreeRTOS/Source/tasks.o
 .bss.uxCurrentNumberOfTasks
                0x20000f1c        0x4 ./Middlewares/Third_Party/FreeRTOS/Source/tasks.o
 .bss.xTickCount
                0x20000f20        0x4 ./Middlewares/Third_Party/FreeRTOS/Source/tasks.o
 .bss.uxTopReadyPriority
                0x20000f24        0x4 ./Middlewares/Third_Party/FreeRTOS/Source/tasks.o
 .bss.xSchedulerRunning
                0x20000f28        0x4 ./Middlewares/Third_Party/FreeRTOS/Source/tasks.o
 .bss.xPendedTicks
                0x20000f2c        0x4 ./Middlewares/Third_Party/FreeRTOS/Source/tasks.o
 .bss.xYieldPending
                0x20000f30        0x4 ./Middlewares/Third_Party/FreeRTOS/Source/tasks.o
 .bss.xNumOfOverflows
                0x20000f34        0x4 ./Middlewares/Third_Party/FreeRTOS/Source/tasks.o
 .bss.uxTaskNumber
                0x20000f38        0x4 ./Middlewares/Third_Party/FreeRTOS/Source/tasks.o
 .bss.xNextTaskUnblockTime
                0x20000f3c        0x4 ./Middlewares/Third_Party/FreeRTOS/Source/tasks.o
 .bss.xIdleTaskHandle
                0x20000f40        0x4 ./Middlewares/Third_Party/FreeRTOS/Source/tasks.o
 .bss.uxSchedulerSuspended
                0x20000f44        0x4 ./Middlewares/Third_Party/FreeRTOS/Source/tasks.o
 .bss.ulTaskSwitchedInTime
                0x20000f48        0x4 ./Middlewares/Third_Party/FreeRTOS/Source/tasks.o
 .bss.ulTotalRunTime
                0x20000f4c        0x4 ./Middlewares/Third_Party/FreeRTOS/Source/tasks.o
 .bss.xActiveTimerList1
                0x20000f50       0x14 ./Middlewares/Third_Party/FreeRTOS/Source/timers.o
 .bss.xActiveTimerList2
                0x20000f64       0x14 ./Middlewares/Third_Party/FreeRTOS/Source/timers.o
 .bss.pxCurrentTimerList
                0x20000f78        0x4 ./Middlewares/Third_Party/FreeRTOS/Source/timers.o
 .bss.pxOverflowTimerList
                0x20000f7c        0x4 ./Middlewares/Third_Party/FreeRTOS/Source/timers.o
 .bss.xTimerQueue
                0x20000f80        0x4 ./Middlewares/Third_Party/FreeRTOS/Source/timers.o
 .bss.xTimerTaskHandle
                0x20000f84        0x4 ./Middlewares/Third_Party/FreeRTOS/Source/timers.o
 .bss.xLastTime.2
                0x20000f88        0x4 ./Middlewares/Third_Party/FreeRTOS/Source/timers.o
 .bss.ucStaticTimerQueueStorage.1
                0x20000f8c       0xa0 ./Middlewares/Third_Party/FreeRTOS/Source/timers.o
 .bss.xStaticTimerQueue.0
                0x2000102c       0x50 ./Middlewares/Third_Party/FreeRTOS/Source/timers.o
 .bss.ucMaxSysCallPriority
                0x2000107c        0x1 ./Middlewares/Third_Party/FreeRTOS/Source/portable/GCC/ARM_CM4F/port.o
 *fill*         0x2000107d        0x3 
 .bss.ulMaxPRIGROUPValue
                0x20001080        0x4 ./Middlewares/Third_Party/FreeRTOS/Source/portable/GCC/ARM_CM4F/port.o
 .bss.ucHeap    0x20001084     0x3c00 ./Middlewares/Third_Party/FreeRTOS/Source/portable/MemMang/heap_4.o
 .bss.xStart    0x20004c84        0x8 ./Middlewares/Third_Party/FreeRTOS/Source/portable/MemMang/heap_4.o
 .bss.pxEnd     0x20004c8c        0x4 ./Middlewares/Third_Party/FreeRTOS/Source/portable/MemMang/heap_4.o
 .bss.xFreeBytesRemaining
                0x20004c90        0x4 ./Middlewares/Third_Party/FreeRTOS/Source/portable/MemMang/heap_4.o
 .bss.xMinimumEverFreeBytesRemaining
                0x20004c94        0x4 ./Middlewares/Third_Party/FreeRTOS/Source/portable/MemMang/heap_4.o
 .bss.xNumberOfSuccessfulAllocations
                0x20004c98        0x4 ./Middlewares/Third_Party/FreeRTOS/Source/portable/MemMang/heap_4.o
 .bss.xNumberOfSuccessfulFrees
                0x20004c9c        0x4 ./Middlewares/Third_Party/FreeRTOS/Source/portable/MemMang/heap_4.o
 .bss.xBlockAllocatedBit
                0x20004ca0        0x4 ./Middlewares/Third_Party/FreeRTOS/Source/portable/MemMang/heap_4.o
 .bss.hUsbHostFS
                0x20004ca4      0x3e4 ./USB_HOST/App/usb_host.o
                0x20004ca4                hUsbHostFS
 .bss.Appli_state
                0x20005088        0x1 ./USB_HOST/App/usb_host.o
                0x20005088                Appli_state
 *fill*         0x20005089        0x3 
 .bss.hhcd_USB_OTG_FS
                0x2000508c      0x3e0 ./USB_HOST/Target/usbh_conf.o
                0x2000508c                hhcd_USB_OTG_FS
 .bss.__malloc_sbrk_start
                0x2000546c        0x4 C:/ST/STM32CubeIDE_1.19.0/STM32CubeIDE/plugins/com.st.stm32cube.ide.mcu.externaltools.gnu-tools-for-stm32.13.3.rel1.win32_1.0.0.202411081344/tools/bin/../lib/gcc/arm-none-eabi/13.3.1/../../../../arm-none-eabi/lib/thumb/v7e-m+fp/hard\libc_nano.a(libc_a-mallocr.o)
                0x2000546c                __malloc_sbrk_start
 .bss.__malloc_free_list
                0x20005470        0x4 C:/ST/STM32CubeIDE_1.19.0/STM32CubeIDE/plugins/com.st.stm32cube.ide.mcu.externaltools.gnu-tools-for-stm32.13.3.rel1.win32_1.0.0.202411081344/tools/bin/../lib/gcc/arm-none-eabi/13.3.1/../../../../arm-none-eabi/lib/thumb/v7e-m+fp/hard\libc_nano.a(libc_a-mallocr.o)
                0x20005470                __malloc_free_list
 .bss.__sf      0x20005474      0x138 C:/ST/STM32CubeIDE_1.19.0/STM32CubeIDE/plugins/com.st.stm32cube.ide.mcu.externaltools.gnu-tools-for-stm32.13.3.rel1.win32_1.0.0.202411081344/tools/bin/../lib/gcc/arm-none-eabi/13.3.1/../../../../arm-none-eabi/lib/thumb/v7e-m+fp/hard\libc_nano.a(libc_a-findfp.o)
                0x20005474                __sf
 .bss.errno     0x200055ac        0x4 C:/ST/STM32CubeIDE_1.19.0/STM32CubeIDE/plugins/com.st.stm32cube.ide.mcu.externaltools.gnu-tools-for-stm32.13.3.rel1.win32_1.0.0.202411081344/tools/bin/../lib/gcc/arm-none-eabi/13.3.1/../../../../arm-none-eabi/lib/thumb/v7e-m+fp/hard\libc_nano.a(libc_a-reent.o)
                0x200055ac                errno
 .bss.__lock___malloc_recursive_mutex
                0x200055b0        0x1 C:/ST/STM32CubeIDE_1.19.0/STM32CubeIDE/plugins/com.st.stm32cube.ide.mcu.externaltools.gnu-tools-for-stm32.13.3.rel1.win32_1.0.0.202411081344/tools/bin/../lib/gcc/arm-none-eabi/13.3.1/../../../../arm-none-eabi/lib/thumb/v7e-m+fp/hard\libc_nano.a(libc_a-lock.o)
                0x200055b0                __lock___malloc_recursive_mutex
 *(COMMON)
                0x200055b4                        . = ALIGN (0x4)
 *fill*         0x200055b1        0x3 
                0x200055b4                        _ebss = .
                0x200055b4                        __bss_end__ = _ebss

._user_heap_stack
                0x200055b4      0x604 load address 0x0800dec0
                0x200055b8                        . = ALIGN (0x8)
 *fill*         0x200055b4        0x4 
                [!provide]                        PROVIDE (end = .)
                0x200055b8                        PROVIDE (_end = .)
                0x200057b8                        . = (. + _Min_Heap_Size)
 *fill*         0x200055b8      0x200 
                0x20005bb8                        . = (. + _Min_Stack_Size)
 *fill*         0x200057b8      0x400 
                0x20005bb8                        . = ALIGN (0x8)

/DISCARD/
 libc.a(*)
 libm.a(*)
 libgcc.a(*)

.ARM.attributes
                0x00000000       0x30
 *(.ARM.attributes)
 .ARM.attributes
                0x00000000       0x22 C:/ST/STM32CubeIDE_1.19.0/STM32CubeIDE/plugins/com.st.stm32cube.ide.mcu.externaltools.gnu-tools-for-stm32.13.3.rel1.win32_1.0.0.202411081344/tools/bin/../lib/gcc/arm-none-eabi/13.3.1/thumb/v7e-m+fp/hard/crti.o
 .ARM.attributes
                0x00000022       0x34 C:/ST/STM32CubeIDE_1.19.0/STM32CubeIDE/plugins/com.st.stm32cube.ide.mcu.externaltools.gnu-tools-for-stm32.13.3.rel1.win32_1.0.0.202411081344/tools/bin/../lib/gcc/arm-none-eabi/13.3.1/thumb/v7e-m+fp/hard/crtbegin.o
 .ARM.attributes
                0x00000056       0x34 ./Core/Src/freertos.o
 .ARM.attributes
                0x0000008a       0x34 ./Core/Src/main.o
 .ARM.attributes
                0x000000be       0x34 ./Core/Src/stm32f4xx_hal_msp.o
 .ARM.attributes
                0x000000f2       0x34 ./Core/Src/stm32f4xx_hal_timebase_tim.o
 .ARM.attributes
                0x00000126       0x34 ./Core/Src/stm32f4xx_it.o
 .ARM.attributes
                0x0000015a       0x34 ./Core/Src/sysmem.o
 .ARM.attributes
                0x0000018e       0x34 ./Core/Src/system_stm32f4xx.o
 .ARM.attributes
                0x000001c2       0x21 ./Core/Startup/startup_stm32f411vetx.o
 .ARM.attributes
                0x000001e3       0x34 ./Drivers/STM32F4xx_HAL_Driver/Src/stm32f4xx_hal.o
 .ARM.attributes
                0x00000217       0x34 ./Drivers/STM32F4xx_HAL_Driver/Src/stm32f4xx_hal_cortex.o
 .ARM.attributes
                0x0000024b       0x34 ./Drivers/STM32F4xx_HAL_Driver/Src/stm32f4xx_hal_dma.o
 .ARM.attributes
                0x0000027f       0x34 ./Drivers/STM32F4xx_HAL_Driver/Src/stm32f4xx_hal_gpio.o
 .ARM.attributes
                0x000002b3       0x34 ./Drivers/STM32F4xx_HAL_Driver/Src/stm32f4xx_hal_hcd.o
 .ARM.attributes
                0x000002e7       0x34 ./Drivers/STM32F4xx_HAL_Driver/Src/stm32f4xx_hal_i2c.o
 .ARM.attributes
                0x0000031b       0x34 ./Drivers/STM32F4xx_HAL_Driver/Src/stm32f4xx_hal_i2s.o
 .ARM.attributes
                0x0000034f       0x34 ./Drivers/STM32F4xx_HAL_Driver/Src/stm32f4xx_hal_i2s_ex.o
 .ARM.attributes
                0x00000383       0x34 ./Drivers/STM32F4xx_HAL_Driver/Src/stm32f4xx_hal_rcc.o
 .ARM.attributes
                0x000003b7       0x34 ./Drivers/STM32F4xx_HAL_Driver/Src/stm32f4xx_hal_rcc_ex.o
 .ARM.attributes
                0x000003eb       0x34 ./Drivers/STM32F4xx_HAL_Driver/Src/stm32f4xx_hal_spi.o
 .ARM.attributes
                0x0000041f       0x34 ./Drivers/STM32F4xx_HAL_Driver/Src/stm32f4xx_hal_tim.o
 .ARM.attributes
                0x00000453       0x34 ./Drivers/STM32F4xx_HAL_Driver/Src/stm32f4xx_hal_tim_ex.o
 .ARM.attributes
                0x00000487       0x34 ./Drivers/STM32F4xx_HAL_Driver/Src/stm32f4xx_hal_uart.o
 .ARM.attributes
                0x000004bb       0x34 ./Drivers/STM32F4xx_HAL_Driver/Src/stm32f4xx_ll_usb.o
 .ARM.attributes
                0x000004ef       0x34 ./Middlewares/ST/STM32_USB_Host_Library/Class/CDC/Src/usbh_cdc.o
 .ARM.attributes
                0x00000523       0x34 ./Middlewares/ST/STM32_USB_Host_Library/Core/Src/usbh_core.o
 .ARM.attributes
                0x00000557       0x34 ./Middlewares/ST/STM32_USB_Host_Library/Core/Src/usbh_ctlreq.o
 .ARM.attributes
                0x0000058b       0x34 ./Middlewares/ST/STM32_USB_Host_Library/Core/Src/usbh_ioreq.o
 .ARM.attributes
                0x000005bf       0x34 ./Middlewares/ST/STM32_USB_Host_Library/Core/Src/usbh_pipes.o
 .ARM.attributes
                0x000005f3       0x34 ./Middlewares/Third_Party/FreeRTOS/Source/CMSIS_RTOS_V2/cmsis_os2.o
 .ARM.attributes
                0x00000627       0x34 ./Middlewares/Third_Party/FreeRTOS/Source/list.o
 .ARM.attributes
                0x0000065b       0x34 ./Middlewares/Third_Party/FreeRTOS/Source/queue.o
 .ARM.attributes
                0x0000068f       0x34 ./Middlewares/Third_Party/FreeRTOS/Source/tasks.o
 .ARM.attributes
                0x000006c3       0x34 ./Middlewares/Third_Party/FreeRTOS/Source/timers.o
 .ARM.attributes
                0x000006f7       0x34 ./Middlewares/Third_Party/FreeRTOS/Source/portable/GCC/ARM_CM4F/port.o
 .ARM.attributes
                0x0000072b       0x34 ./Middlewares/Third_Party/FreeRTOS/Source/portable/MemMang/heap_4.o
 .ARM.attributes
                0x0000075f       0x34 ./USB_HOST/App/usb_host.o
 .ARM.attributes
                0x00000793       0x34 ./USB_HOST/Target/usbh_conf.o
 .ARM.attributes
                0x000007c7       0x34 ./USB_HOST/Target/usbh_platform.o
 .ARM.attributes
                0x000007fb       0x34 C:/ST/STM32CubeIDE_1.19.0/STM32CubeIDE/plugins/com.st.stm32cube.ide.mcu.externaltools.gnu-tools-for-stm32.13.3.rel1.win32_1.0.0.202411081344/tools/bin/../lib/gcc/arm-none-eabi/13.3.1/../../../../arm-none-eabi/lib/thumb/v7e-m+fp/hard\libc_nano.a(libc_a-malloc.o)
 .ARM.attributes
                0x0000082f       0x34 C:/ST/STM32CubeIDE_1.19.0/STM32CubeIDE/plugins/com.st.stm32cube.ide.mcu.externaltools.gnu-tools-for-stm32.13.3.rel1.win32_1.0.0.202411081344/tools/bin/../lib/gcc/arm-none-eabi/13.3.1/../../../../arm-none-eabi/lib/thumb/v7e-m+fp/hard\libc_nano.a(libc_a-mallocr.o)
 .ARM.attributes
                0x00000863       0x34 C:/ST/STM32CubeIDE_1.19.0/STM32CubeIDE/plugins/com.st.stm32cube.ide.mcu.externaltools.gnu-tools-for-stm32.13.3.rel1.win32_1.0.0.202411081344/tools/bin/../lib/gcc/arm-none-eabi/13.3.1/../../../../arm-none-eabi/lib/thumb/v7e-m+fp/hard\libc_nano.a(libc_a-mlock.o)
 .ARM.attributes
                0x00000897       0x34 C:/ST/STM32CubeIDE_1.19.0/STM32CubeIDE/plugins/com.st.stm32cube.ide.mcu.externaltools.gnu-tools-for-stm32.13.3.rel1.win32_1.0.0.202411081344/tools/bin/../lib/gcc/arm-none-eabi/13.3.1/../../../../arm-none-eabi/lib/thumb/v7e-m+fp/hard\libc_nano.a(libc_a-ctype_.o)
 .ARM.attributes
                0x000008cb       0x34 C:/ST/STM32CubeIDE_1.19.0/STM32CubeIDE/plugins/com.st.stm32cube.ide.mcu.externaltools.gnu-tools-for-stm32.13.3.rel1.win32_1.0.0.202411081344/tools/bin/../lib/gcc/arm-none-eabi/13.3.1/../../../../arm-none-eabi/lib/thumb/v7e-m+fp/hard\libc_nano.a(libc_a-findfp.o)
 .ARM.attributes
                0x000008ff       0x34 C:/ST/STM32CubeIDE_1.19.0/STM32CubeIDE/plugins/com.st.stm32cube.ide.mcu.externaltools.gnu-tools-for-stm32.13.3.rel1.win32_1.0.0.202411081344/tools/bin/../lib/gcc/arm-none-eabi/13.3.1/../../../../arm-none-eabi/lib/thumb/v7e-m+fp/hard\libc_nano.a(libc_a-memset.o)
 .ARM.attributes
                0x00000933       0x34 C:/ST/STM32CubeIDE_1.19.0/STM32CubeIDE/plugins/com.st.stm32cube.ide.mcu.externaltools.gnu-tools-for-stm32.13.3.rel1.win32_1.0.0.202411081344/tools/bin/../lib/gcc/arm-none-eabi/13.3.1/../../../../arm-none-eabi/lib/thumb/v7e-m+fp/hard\libc_nano.a(libc_a-strchr.o)
 .ARM.attributes
                0x00000967       0x34 C:/ST/STM32CubeIDE_1.19.0/STM32CubeIDE/plugins/com.st.stm32cube.ide.mcu.externaltools.gnu-tools-for-stm32.13.3.rel1.win32_1.0.0.202411081344/tools/bin/../lib/gcc/arm-none-eabi/13.3.1/../../../../arm-none-eabi/lib/thumb/v7e-m+fp/hard\libc_nano.a(libc_a-strstr.o)
 .ARM.attributes
                0x0000099b       0x34 C:/ST/STM32CubeIDE_1.19.0/STM32CubeIDE/plugins/com.st.stm32cube.ide.mcu.externaltools.gnu-tools-for-stm32.13.3.rel1.win32_1.0.0.202411081344/tools/bin/../lib/gcc/arm-none-eabi/13.3.1/../../../../arm-none-eabi/lib/thumb/v7e-m+fp/hard\libc_nano.a(libc_a-reent.o)
 .ARM.attributes
                0x000009cf       0x34 C:/ST/STM32CubeIDE_1.19.0/STM32CubeIDE/plugins/com.st.stm32cube.ide.mcu.externaltools.gnu-tools-for-stm32.13.3.rel1.win32_1.0.0.202411081344/tools/bin/../lib/gcc/arm-none-eabi/13.3.1/../../../../arm-none-eabi/lib/thumb/v7e-m+fp/hard\libc_nano.a(libc_a-impure.o)
 .ARM.attributes