../Core/Src/main.c:115:12:parse_message_and_get_state	22
../Core/Src/main.c:148:13:CommTask	8
../Core/Src/main.c:195:13:LedTask	6
../Core/Src/main.c:227:13:AudioTask	6
../Core/Src/main.c:270:5:main	1
../Core/Src/main.c:373:6:SystemClock_Config	3
../Core/Src/main.c:418:6:PeriphCommonClock_Config	2
../Core/Src/main.c:439:13:MX_I2C1_Init	2
../Core/Src/main.c:473:13:MX_I2S2_Init	2
../Core/Src/main.c:507:13:MX_I2S3_Init	2
../Core/Src/main.c:541:13:MX_SPI1_Init	2
../Core/Src/main.c:579:13:MX_USART2_UART_Init	2
../Core/Src/main.c:612:13:MX_GPIO_Init	1
../Core/Src/main.c:701:6:HAL_UART_RxCpltCallback	4
../Core/Src/main.c:728:6:StartDefaultTask	1
../Core/Src/main.c:749:6:HAL_TIM_PeriodElapsedCallback	2
../Core/Src/main.c:767:6:Error_Handler	1
